Archive member included to satisfy reference by file (symbol)

C:/Program Files (x86)/mingw-w64/i686-8.1.0-win32-dwarf-rt_v6-rev0/mingw32/bin/../lib/gcc/i686-w64-mingw32/8.1.0/../../../../i686-w64-mingw32/lib/../lib/libmingw32.a(lib32_libmingw32_a-gccmain.o)
                              C:/Program Files (x86)/mingw-w64/i686-8.1.0-win32-dwarf-rt_v6-rev0/mingw32/bin/../lib/gcc/i686-w64-mingw32/8.1.0/../../../../i686-w64-mingw32/lib/../lib/crt2.o (__main)
C:/Program Files (x86)/mingw-w64/i686-8.1.0-win32-dwarf-rt_v6-rev0/mingw32/bin/../lib/gcc/i686-w64-mingw32/8.1.0/../../../../i686-w64-mingw32/lib/../lib/libmingw32.a(lib32_libmingw32_a-natstart.o)
                              C:/Program Files (x86)/mingw-w64/i686-8.1.0-win32-dwarf-rt_v6-rev0/mingw32/bin/../lib/gcc/i686-w64-mingw32/8.1.0/../../../../i686-w64-mingw32/lib/../lib/crt2.o (__native_startup_lock)
C:/Program Files (x86)/mingw-w64/i686-8.1.0-win32-dwarf-rt_v6-rev0/mingw32/bin/../lib/gcc/i686-w64-mingw32/8.1.0/../../../../i686-w64-mingw32/lib/../lib/libmingw32.a(lib32_libmingw32_a-wildcard.o)
                              C:/Program Files (x86)/mingw-w64/i686-8.1.0-win32-dwarf-rt_v6-rev0/mingw32/bin/../lib/gcc/i686-w64-mingw32/8.1.0/../../../../i686-w64-mingw32/lib/../lib/crt2.o (_dowildcard)
C:/Program Files (x86)/mingw-w64/i686-8.1.0-win32-dwarf-rt_v6-rev0/mingw32/bin/../lib/gcc/i686-w64-mingw32/8.1.0/../../../../i686-w64-mingw32/lib/../lib/libmingw32.a(lib32_libmingw32_a-charmax.o)
                              C:/Program Files (x86)/mingw-w64/i686-8.1.0-win32-dwarf-rt_v6-rev0/mingw32/bin/../lib/gcc/i686-w64-mingw32/8.1.0/../../../../i686-w64-mingw32/lib/../lib/crt2.o (mingw_initcharmax)
C:/Program Files (x86)/mingw-w64/i686-8.1.0-win32-dwarf-rt_v6-rev0/mingw32/bin/../lib/gcc/i686-w64-mingw32/8.1.0/../../../../i686-w64-mingw32/lib/../lib/libmingw32.a(lib32_libmingw32_a-dllargv.o)
                              C:/Program Files (x86)/mingw-w64/i686-8.1.0-win32-dwarf-rt_v6-rev0/mingw32/bin/../lib/gcc/i686-w64-mingw32/8.1.0/../../../../i686-w64-mingw32/lib/../lib/crt2.o (_setargv)
C:/Program Files (x86)/mingw-w64/i686-8.1.0-win32-dwarf-rt_v6-rev0/mingw32/bin/../lib/gcc/i686-w64-mingw32/8.1.0/../../../../i686-w64-mingw32/lib/../lib/libmingw32.a(lib32_libmingw32_a-gs_support.o)
                              C:/Program Files (x86)/mingw-w64/i686-8.1.0-win32-dwarf-rt_v6-rev0/mingw32/bin/../lib/gcc/i686-w64-mingw32/8.1.0/../../../../i686-w64-mingw32/lib/../lib/crt2.o (__security_init_cookie)
C:/Program Files (x86)/mingw-w64/i686-8.1.0-win32-dwarf-rt_v6-rev0/mingw32/bin/../lib/gcc/i686-w64-mingw32/8.1.0/../../../../i686-w64-mingw32/lib/../lib/libmingw32.a(lib32_libmingw32_a-_newmode.o)
                              C:/Program Files (x86)/mingw-w64/i686-8.1.0-win32-dwarf-rt_v6-rev0/mingw32/bin/../lib/gcc/i686-w64-mingw32/8.1.0/../../../../i686-w64-mingw32/lib/../lib/crt2.o (_newmode)
C:/Program Files (x86)/mingw-w64/i686-8.1.0-win32-dwarf-rt_v6-rev0/mingw32/bin/../lib/gcc/i686-w64-mingw32/8.1.0/../../../../i686-w64-mingw32/lib/../lib/libmingw32.a(lib32_libmingw32_a-tlssup.o)
                              C:/Program Files (x86)/mingw-w64/i686-8.1.0-win32-dwarf-rt_v6-rev0/mingw32/bin/../lib/gcc/i686-w64-mingw32/8.1.0/../../../../i686-w64-mingw32/lib/../lib/crt2.o (mingw_initltssuo_force)
C:/Program Files (x86)/mingw-w64/i686-8.1.0-win32-dwarf-rt_v6-rev0/mingw32/bin/../lib/gcc/i686-w64-mingw32/8.1.0/../../../../i686-w64-mingw32/lib/../lib/libmingw32.a(lib32_libmingw32_a-cinitexe.o)
                              C:/Program Files (x86)/mingw-w64/i686-8.1.0-win32-dwarf-rt_v6-rev0/mingw32/bin/../lib/gcc/i686-w64-mingw32/8.1.0/../../../../i686-w64-mingw32/lib/../lib/crt2.o (__xc_z)
C:/Program Files (x86)/mingw-w64/i686-8.1.0-win32-dwarf-rt_v6-rev0/mingw32/bin/../lib/gcc/i686-w64-mingw32/8.1.0/../../../../i686-w64-mingw32/lib/../lib/libmingw32.a(lib32_libmingw32_a-merr.o)
                              C:/Program Files (x86)/mingw-w64/i686-8.1.0-win32-dwarf-rt_v6-rev0/mingw32/bin/../lib/gcc/i686-w64-mingw32/8.1.0/../../../../i686-w64-mingw32/lib/../lib/crt2.o (__mingw_setusermatherr)
C:/Program Files (x86)/mingw-w64/i686-8.1.0-win32-dwarf-rt_v6-rev0/mingw32/bin/../lib/gcc/i686-w64-mingw32/8.1.0/../../../../i686-w64-mingw32/lib/../lib/libmingw32.a(lib32_libmingw32_a-CRT_fp10.o)
                              C:/Program Files (x86)/mingw-w64/i686-8.1.0-win32-dwarf-rt_v6-rev0/mingw32/bin/../lib/gcc/i686-w64-mingw32/8.1.0/../../../../i686-w64-mingw32/lib/../lib/crt2.o (_fpreset)
C:/Program Files (x86)/mingw-w64/i686-8.1.0-win32-dwarf-rt_v6-rev0/mingw32/bin/../lib/gcc/i686-w64-mingw32/8.1.0/../../../../i686-w64-mingw32/lib/../lib/libmingw32.a(lib32_libmingw32_a-mingw_helpers.o)
                              C:/Program Files (x86)/mingw-w64/i686-8.1.0-win32-dwarf-rt_v6-rev0/mingw32/bin/../lib/gcc/i686-w64-mingw32/8.1.0/../../../../i686-w64-mingw32/lib/../lib/crt2.o (mingw_app_type)
[...]
Memory Configuration

Name             Origin             Length             Attributes
*default*        0x00000000         0xffffffff

Linker script and memory map

                0x00400000                __image_base__ = 0x400000
                0x00000000                __dll__ = 0x0
                0x00400000                ___ImageBase = 0x400000
                0x00001000                __section_alignment__ = 0x1000
                0x00000200                __file_alignment__ = 0x200
                0x00000004                __major_os_version__ = 0x4
                0x00000000                __minor_os_version__ = 0x0
                0x00000001                __major_image_version__ = 0x1
                0x00000000                __minor_image_version__ = 0x0
                0x00000004                __major_subsystem_version__ = 0x4
                0x00000000                __minor_subsystem_version__ = 0x0
                0x00000003                __subsystem__ = 0x3
                0x00200000                __size_of_stack_reserve__ = 0x200000
                0x00001000                __size_of_stack_commit__ = 0x1000
                0x00100000                __size_of_heap_reserve__ = 0x100000
                0x00001000                __size_of_heap_commit__ = 0x1000
                0x00000000                __loader_flags__ = 0x0
                0x00000000                __dll_characteristics__ = 0x0
LOAD C:/Program Files (x86)/mingw-w64/i686-8.1.0-win32-dwarf-rt_v6-rev0/mingw32/bin/../lib/gcc/i686-w64-mingw32/8.1.0/../../../../i686-w64-mingw32/lib/../lib/crt2.o
LOAD C:/Program Files (x86)/mingw-w64/i686-8.1.0-win32-dwarf-rt_v6-rev0/mingw32/bin/../lib/gcc/i686-w64-mingw32/8.1.0/crtbegin.o
LOAD main.o
LOAD misc.o
LOAD C:/Program Files (x86)/mingw-w64/i686-8.1.0-win32-dwarf-rt_v6-rev0/mingw32/bin/../lib/gcc/i686-w64-mingw32/8.1.0/../../../../i686-w64-mingw32/lib/../lib/libmingw32.a
LOAD C:/Program Files (x86)/mingw-w64/i686-8.1.0-win32-dwarf-rt_v6-rev0/mingw32/bin/../lib/gcc/i686-w64-mingw32/8.1.0/libgcc.a
LOAD C:/Program Files (x86)/mingw-w64/i686-8.1.0-win32-dwarf-rt_v6-rev0/mingw32/bin/../lib/gcc/i686-w64-mingw32/8.1.0/libgcc_eh.a
LOAD C:/Program Files (x86)/mingw-w64/i686-8.1.0-win32-dwarf-rt_v6-rev0/mingw32/bin/../lib/gcc/i686-w64-mingw32/8.1.0/../../../../i686-w64-mingw32/lib/../lib/libmoldname.a
LOAD C:/Program Files (x86)/mingw-w64/i686-8.1.0-win32-dwarf-rt_v6-rev0/mingw32/bin/../lib/gcc/i686-w64-mingw32/8.1.0/../../../../i686-w64-mingw32/lib/../lib/libmingwex.a
LOAD C:/Program Files (x86)/mingw-w64/i686-8.1.0-win32-dwarf-rt_v6-rev0/mingw32/bin/../lib/gcc/i686-w64-mingw32/8.1.0/../../../../i686-w64-mingw32/lib/../lib/libmsvcrt.a
LOAD C:/Program Files (x86)/mingw-w64/i686-8.1.0-win32-dwarf-rt_v6-rev0/mingw32/bin/../lib/gcc/i686-w64-mingw32/8.1.0/../../../../i686-w64-mingw32/lib/../lib/libadvapi32.a
LOAD C:/Program Files (x86)/mingw-w64/i686-8.1.0-win32-dwarf-rt_v6-rev0/mingw32/bin/../lib/gcc/i686-w64-mingw32/8.1.0/../../../../i686-w64-mingw32/lib/../lib/libshell32.a
LOAD C:/Program Files (x86)/mingw-w64/i686-8.1.0-win32-dwarf-rt_v6-rev0/mingw32/bin/../lib/gcc/i686-w64-mingw32/8.1.0/../../../../i686-w64-mingw32/lib/../lib/libuser32.a
LOAD C:/Program Files (x86)/mingw-w64/i686-8.1.0-win32-dwarf-rt_v6-rev0/mingw32/bin/../lib/gcc/i686-w64-mingw32/8.1.0/../../../../i686-w64-mingw32/lib/../lib/libkernel32.a
LOAD C:/Program Files (x86)/mingw-w64/i686-8.1.0-win32-dwarf-rt_v6-rev0/mingw32/bin/../lib/gcc/i686-w64-mingw32/8.1.0/../../../../i686-w64-mingw32/lib/../lib/libiconv.a
LOAD C:/Program Files (x86)/mingw-w64/i686-8.1.0-win32-dwarf-rt_v6-rev0/mingw32/bin/../lib/gcc/i686-w64-mingw32/8.1.0/../../../../i686-w64-mingw32/lib/../lib/libmingw32.a
LOAD C:/Program Files (x86)/mingw-w64/i686-8.1.0-win32-dwarf-rt_v6-rev0/mingw32/bin/../lib/gcc/i686-w64-mingw32/8.1.0/libgcc.a
LOAD C:/Program Files (x86)/mingw-w64/i686-8.1.0-win32-dwarf-rt_v6-rev0/mingw32/bin/../lib/gcc/i686-w64-mingw32/8.1.0/libgcc_eh.a
LOAD C:/Program Files (x86)/mingw-w64/i686-8.1.0-win32-dwarf-rt_v6-rev0/mingw32/bin/../lib/gcc/i686-w64-mingw32/8.1.0/../../../../i686-w64-mingw32/lib/../lib/libmoldname.a
LOAD C:/Program Files (x86)/mingw-w64/i686-8.1.0-win32-dwarf-rt_v6-rev0/mingw32/bin/../lib/gcc/i686-w64-mingw32/8.1.0/../../../../i686-w64-mingw32/lib/../lib/libmingwex.a
LOAD C:/Program Files (x86)/mingw-w64/i686-8.1.0-win32-dwarf-rt_v6-rev0/mingw32/bin/../lib/gcc/i686-w64-mingw32/8.1.0/../../../../i686-w64-mingw32/lib/../lib/libmsvcrt.a
LOAD C:/Program Files (x86)/mingw-w64/i686-8.1.0-win32-dwarf-rt_v6-rev0/mingw32/bin/../lib/gcc/i686-w64-mingw32/8.1.0/crtend.o
                0x000003a8                . = SIZEOF_HEADERS
                0x00001000                . = ALIGN (__section_alignment__)

.text           0x00401000     0x1800
 *(.init)
 *(.text)
 .text          0x00401000      0x4e0 C:/Program Files (x86)/mingw-w64/i686-8.1.0-win32-dwarf-rt_v6-rev0/mingw32/bin/../lib/gcc/i686-w64-mingw32/8.1.0/../../../../i686-w64-mingw32/lib/../lib/crt2.o
                0x00401480                WinMainCRTStartup
                0x004014a0                mainCRTStartup
                0x004014c0                atexit
 .text          0x004014e0       0xe0 C:/Program Files (x86)/mingw-w64/i686-8.1.0-win32-dwarf-rt_v6-rev0/mingw32/bin/../lib/gcc/i686-w64-mingw32/8.1.0/crtbegin.o
                0x004014e0                __gcc_register_frame
                0x00401590                __gcc_deregister_frame
 .text          0x004015c0       0x78 main.o
                0x004015c0                main
 .text          0x00401638       0x74 misc.o
                0x00401638                func
 *fill*         0x004016ac        0x4 
 .text          0x004016b0       0xb0 C:/Program Files (x86)/mingw-w64/i686-8.1.0-win32-dwarf-rt_v6-rev0/mingw32/bin/../lib/gcc/i686-w64-mingw32/8.1.0/../../../../i686-w64-mingw32/lib/../lib/libmingw32.a(lib32_libmingw32_a-gccmain.o)
                0x004016b0                __do_global_dtors
                0x004016f0                __do_global_ctors
                0x00401740                __main
 .text          0x00401760        0x0 C:/Program Files (x86)/mingw-w64/i686-8.1.0-win32-dwarf-rt_v6-rev0/mingw32/bin/../lib/gcc/i686-w64-mingw32/8.1.0/../../../../i686-w64-mingw32/lib/../lib/libmingw32.a(lib32_libmingw32_a-natstart.o)
 .text          0x00401760        0x0 C:/Program Files (x86)/mingw-w64/i686-8.1.0-win32-dwarf-rt_v6-rev0/mingw32/bin/../lib/gcc/i686-w64-mingw32/8.1.0/../../../../i686-w64-mingw32/lib/../lib/libmingw32.a(lib32_libmingw32_a-wildcard.o)
 .text          0x00401760       0x10 C:/Program Files (x86)/mingw-w64/i686-8.1.0-win32-dwarf-rt_v6-rev0/mingw32/bin/../lib/gcc/i686-w64-mingw32/8.1.0/../../../../i686-w64-mingw32/lib/../lib/libmingw32.a(lib32_libmingw32_a-charmax.o)
 .text          0x00401770       0x10 C:/Program Files (x86)/mingw-w64/i686-8.1.0-win32-dwarf-rt_v6-rev0/mingw32/bin/../lib/gcc/i686-w64-mingw32/8.1.0/../../../../i686-w64-mingw32/lib/../lib/libmingw32.a(lib32_libmingw32_a-dllargv.o)
                0x00401770                _setargv
 .text          0x00401780      0x140 C:/Program Files (x86)/mingw-w64/i686-8.1.0-win32-dwarf-rt_v6-rev0/mingw32/bin/../lib/gcc/i686-w64-mingw32/8.1.0/../../../../i686-w64-mingw32/lib/../lib/libmingw32.a(lib32_libmingw32_a-gs_support.o)
                0x00401780                __security_init_cookie
                0x00401830                __report_gsfailure
 .text          0x004018c0        0x0 C:/Program Files (x86)/mingw-w64/i686-8.1.0-win32-dwarf-rt_v6-rev0/mingw32/bin/../lib/gcc/i686-w64-mingw32/8.1.0/../../../../i686-w64-mingw32/lib/../lib/libmingw32.a(lib32_libmingw32_a-_newmode.o)
 .text          0x004018c0       0xf0 C:/Program Files (x86)/mingw-w64/i686-8.1.0-win32-dwarf-rt_v6-rev0/mingw32/bin/../lib/gcc/i686-w64-mingw32/8.1.0/../../../../i686-w64-mingw32/lib/../lib/libmingw32.a(lib32_libmingw32_a-tlssup.o)
                0x00401910                __dyn_tls_init@12
                0x004019a0                __tlregdtor
 .text          0x004019b0        0x0 C:/Program Files (x86)/mingw-w64/i686-8.1.0-win32-dwarf-rt_v6-rev0/mingw32/bin/../lib/gcc/i686-w64-mingw32/8.1.0/../../../../i686-w64-mingw32/lib/../lib/libmingw32.a(lib32_libmingw32_a-cinitexe.o)
 .text          0x004019b0       0xe0 C:/Program Files (x86)/mingw-w64/i686-8.1.0-win32-dwarf-rt_v6-rev0/mingw32/bin/../lib/gcc/i686-w64-mingw32/8.1.0/../../../../i686-w64-mingw32/lib/../lib/libmingw32.a(lib32_libmingw32_a-merr.o)
                0x004019b0                __mingw_raise_matherr
                0x00401a00                __mingw_setusermatherr
                0x00401a10                _matherr
 .text          0x00401a90       0x10 C:/Program Files (x86)/mingw-w64/i686-8.1.0-win32-dwarf-rt_v6-rev0/mingw32/bin/../lib/gcc/i686-w64-mingw32/8.1.0/../../../../i686-w64-mingw32/lib/../lib/libmingw32.a(lib32_libmingw32_a-CRT_fp10.o)
                0x00401a90                fpreset
                0x00401a90                _fpreset
 .text          0x00401aa0       0x20 C:/Program Files (x86)/mingw-w64/i686-8.1.0-win32-dwarf-rt_v6-rev0/mingw32/bin/../lib/gcc/i686-w64-mingw32/8.1.0/../../../../i686-w64-mingw32/lib/../lib/libmingw32.a(lib32_libmingw32_a-mingw_helpers.o)
                0x00401aa0                _decode_pointer
                0x00401ab0                _encode_pointer
 .text          0x00401ac0      0x3d0 C:/Program Files (x86)/mingw-w64/i686-8.1.0-win32-dwarf-rt_v6-rev0/mingw32/bin/../lib/gcc/i686-w64-mingw32/8.1.0/../../../../i686-w64-mingw32/lib/../lib/libmingw32.a(lib32_libmingw32_a-pseudo-reloc.o)
                0x00401c10                _pei386_runtime_relocator
 .text          0x00401e90        0x0 C:/Program Files (x86)/mingw-w64/i686-8.1.0-win32-dwarf-rt_v6-rev0/mingw32/bin/../lib/gcc/i686-w64-mingw32/8.1.0/../../../../i686-w64-mingw32/lib/../lib/libmingw32.a(lib32_libmingw32_a-xtxtmode.o)
 .text          0x00401e90      0x1a0 C:/Program Files (x86)/mingw-w64/i686-8.1.0-win32-dwarf-rt_v6-rev0/mingw32/bin/../lib/gcc/i686-w64-mingw32/8.1.0/../../../../i686-w64-mingw32/lib/../lib/libmingw32.a(lib32_libmingw32_a-crt_handler.o)
                0x00401e90                _gnu_exception_handler@4
 .text          0x00402030      0x270 C:/Program Files (x86)/mingw-w64/i686-8.1.0-win32-dwarf-rt_v6-rev0/mingw32/bin/../lib/gcc/i686-w64-mingw32/8.1.0/../../../../i686-w64-mingw32/lib/../lib/libmingw32.a(lib32_libmingw32_a-tlsthrd.o)
                0x004020a0                ___w64_mingwthr_add_key_dtor
                0x00402130                ___w64_mingwthr_remove_key_dtor
                0x004021c0                __mingw_TLScallback
 .text          0x004022a0        0x0 C:/Program Files (x86)/mingw-w64/i686-8.1.0-win32-dwarf-rt_v6-rev0/mingw32/bin/../lib/gcc/i686-w64-mingw32/8.1.0/../../../../i686-w64-mingw32/lib/../lib/libmingw32.a(lib32_libmingw32_a-tlsmcrt.o)
 .text          0x004022a0        0x0 C:/Program Files (x86)/mingw-w64/i686-8.1.0-win32-dwarf-rt_v6-rev0/mingw32/bin/../lib/gcc/i686-w64-mingw32/8.1.0/../../../../i686-w64-mingw32/lib/../lib/libmingw32.a(lib32_libmingw32_a-pseudo-reloc-list.o)
 .text          0x004022a0      0x370 C:/Program Files (x86)/mingw-w64/i686-8.1.0-win32-dwarf-rt_v6-rev0/mingw32/bin/../lib/gcc/i686-w64-mingw32/8.1.0/../../../../i686-w64-mingw32/lib/../lib/libmingw32.a(lib32_libmingw32_a-pesect.o)
                0x004022c0                _ValidateImageBase
                0x004022e0                _FindPESection
                0x00402320                _FindPESectionByName
                0x004023b0                __mingw_GetSectionForAddress
                0x00402420                __mingw_GetSectionCount
                0x00402450                _FindPESectionExec
                0x004024b0                _GetPEImageBase
                0x004024e0                _IsNonwritableInCurrentImage
                0x00402560                __mingw_enum_import_library_names
 .text          0x00402610       0x2c C:/Program Files (x86)/mingw-w64/i686-8.1.0-win32-dwarf-rt_v6-rev0/mingw32/bin/../lib/gcc/i686-w64-mingw32/8.1.0/libgcc.a(_chkstk_ms.o)
                0x00402610                __chkstk_ms
 .text          0x0040263c        0x0 C:/Program Files (x86)/mingw-w64/i686-8.1.0-win32-dwarf-rt_v6-rev0/mingw32/bin/../lib/gcc/i686-w64-mingw32/8.1.0/libgcc.a(_ctors.o)
 .text          0x0040263c        0x0 C:/Program Files (x86)/mingw-w64/i686-8.1.0-win32-dwarf-rt_v6-rev0/mingw32/bin/../lib/gcc/i686-w64-mingw32/8.1.0/../../../../i686-w64-mingw32/lib/../lib/libmingwex.a(lib32_libmingwex_a-mingw_matherr.o)
 .text          0x0040263c        0x8 C:/Program Files (x86)/mingw-w64/i686-8.1.0-win32-dwarf-rt_v6-rev0/mingw32/bin/../lib/gcc/i686-w64-mingw32/8.1.0/../../../../i686-w64-mingw32/lib/../lib/libmsvcrt.a(dwbes01253.o)
                0x0040263c                vfprintf
 .text          0x00402644        0x8 C:/Program Files (x86)/mingw-w64/i686-8.1.0-win32-dwarf-rt_v6-rev0/mingw32/bin/../lib/gcc/i686-w64-mingw32/8.1.0/../../../../i686-w64-mingw32/lib/../lib/libmsvcrt.a(dwbes01220.o)
                0x00402644                strncmp
 .text          0x0040264c        0x8 C:/Program Files (x86)/mingw-w64/i686-8.1.0-win32-dwarf-rt_v6-rev0/mingw32/bin/../lib/gcc/i686-w64-mingw32/8.1.0/../../../../i686-w64-mingw32/lib/../lib/libmsvcrt.a(dwbes01217.o)
                0x0040264c                strlen
 .text          0x00402654        0x8 C:/Program Files (x86)/mingw-w64/i686-8.1.0-win32-dwarf-rt_v6-rev0/mingw32/bin/../lib/gcc/i686-w64-mingw32/8.1.0/../../../../i686-w64-mingw32/lib/../lib/libmsvcrt.a(dwbes01199.o)
                0x00402654                signal
 .text          0x0040265c        0x8 C:/Program Files (x86)/mingw-w64/i686-8.1.0-win32-dwarf-rt_v6-rev0/mingw32/bin/../lib/gcc/i686-w64-mingw32/8.1.0/../../../../i686-w64-mingw32/lib/../lib/libmsvcrt.a(dwbes01172.o)
                0x0040265c                memcpy
 .text          0x00402664        0x8 C:/Program Files (x86)/mingw-w64/i686-8.1.0-win32-dwarf-rt_v6-rev0/mingw32/bin/../lib/gcc/i686-w64-mingw32/8.1.0/../../../../i686-w64-mingw32/lib/../lib/libmsvcrt.a(dwbes01163.o)
                0x00402664                malloc
 .text          0x0040266c        0x8 C:/Program Files (x86)/mingw-w64/i686-8.1.0-win32-dwarf-rt_v6-rev0/mingw32/bin/../lib/gcc/i686-w64-mingw32/8.1.0/../../../../i686-w64-mingw32/lib/../lib/libmsvcrt.a(dwbes01118.o)
                0x0040266c                fwrite
 .text          0x00402674        0x8 C:/Program Files (x86)/mingw-w64/i686-8.1.0-win32-dwarf-rt_v6-rev0/mingw32/bin/../lib/gcc/i686-w64-mingw32/8.1.0/../../../../i686-w64-mingw32/lib/../lib/libmsvcrt.a(dwbes01104.o)
                0x00402674                free
 .text          0x0040267c        0x8 C:/Program Files (x86)/mingw-w64/i686-8.1.0-win32-dwarf-rt_v6-rev0/mingw32/bin/../lib/gcc/i686-w64-mingw32/8.1.0/../../../../i686-w64-mingw32/lib/../lib/libmsvcrt.a(dwbes01097.o)
                0x0040267c                fprintf
 .text          0x00402684        0x8 C:/Program Files (x86)/mingw-w64/i686-8.1.0-win32-dwarf-rt_v6-rev0/mingw32/bin/../lib/gcc/i686-w64-mingw32/8.1.0/../../../../i686-w64-mingw32/lib/../lib/libmsvcrt.a(dwbes01081.o)
                0x00402684                exit
 .text          0x0040268c        0x8 C:/Program Files (x86)/mingw-w64/i686-8.1.0-win32-dwarf-rt_v6-rev0/mingw32/bin/../lib/gcc/i686-w64-mingw32/8.1.0/../../../../i686-w64-mingw32/lib/../lib/libmsvcrt.a(dwbes01076.o)
                0x0040268c                calloc
 .text          0x00402694        0x8 C:/Program Files (x86)/mingw-w64/i686-8.1.0-win32-dwarf-rt_v6-rev0/mingw32/bin/../lib/gcc/i686-w64-mingw32/8.1.0/../../../../i686-w64-mingw32/lib/../lib/libmsvcrt.a(dwbes01057.o)
                0x00402694                abort
 .text          0x0040269c        0x8 C:/Program Files (x86)/mingw-w64/i686-8.1.0-win32-dwarf-rt_v6-rev0/mingw32/bin/../lib/gcc/i686-w64-mingw32/8.1.0/../../../../i686-w64-mingw32/lib/../lib/libmsvcrt.a(dwbes00629.o)
                0x0040269c                _onexit
 .text          0x004026a4        0x8 C:/Program Files (x86)/mingw-w64/i686-8.1.0-win32-dwarf-rt_v6-rev0/mingw32/bin/../lib/gcc/i686-w64-mingw32/8.1.0/../../../../i686-w64-mingw32/lib/../lib/libmsvcrt.a(dwbes00351.o)
                0x004026a4                _initterm
 .text          0x004026ac        0x8 C:/Program Files (x86)/mingw-w64/i686-8.1.0-win32-dwarf-rt_v6-rev0/mingw32/bin/../lib/gcc/i686-w64-mingw32/8.1.0/../../../../i686-w64-mingw32/lib/../lib/libmsvcrt.a(dwbes00161.o)
                0x004026ac                _cexit
 .text          0x004026b4        0x8 C:/Program Files (x86)/mingw-w64/i686-8.1.0-win32-dwarf-rt_v6-rev0/mingw32/bin/../lib/gcc/i686-w64-mingw32/8.1.0/../../../../i686-w64-mingw32/lib/../lib/libmsvcrt.a(dwbes00144.o)
                0x004026b4                _amsg_exit
 .text          0x004026bc        0x8 C:/Program Files (x86)/mingw-w64/i686-8.1.0-win32-dwarf-rt_v6-rev0/mingw32/bin/../lib/gcc/i686-w64-mingw32/8.1.0/../../../../i686-w64-mingw32/lib/../lib/libmsvcrt.a(dwbes00107.o)
                0x004026bc                __setusermatherr
 .text          0x004026c4        0x8 C:/Program Files (x86)/mingw-w64/i686-8.1.0-win32-dwarf-rt_v6-rev0/mingw32/bin/../lib/gcc/i686-w64-mingw32/8.1.0/../../../../i686-w64-mingw32/lib/../lib/libmsvcrt.a(dwbes00104.o)
                0x004026c4                __set_app_type
 .text          0x004026cc        0x8 C:/Program Files (x86)/mingw-w64/i686-8.1.0-win32-dwarf-rt_v6-rev0/mingw32/bin/../lib/gcc/i686-w64-mingw32/8.1.0/../../../../i686-w64-mingw32/lib/../lib/libmsvcrt.a(dwbes00083.o)
                0x004026cc                __p__fmode
 .text          0x004026d4        0x8 C:/Program Files (x86)/mingw-w64/i686-8.1.0-win32-dwarf-rt_v6-rev0/mingw32/bin/../lib/gcc/i686-w64-mingw32/8.1.0/../../../../i686-w64-mingw32/lib/../lib/libmsvcrt.a(dwbes00076.o)
                0x004026d4                __p__acmdln
 .text          0x004026dc        0x0 C:/Program Files (x86)/mingw-w64/i686-8.1.0-win32-dwarf-rt_v6-rev0/mingw32/bin/../lib/gcc/i686-w64-mingw32/8.1.0/../../../../i686-w64-mingw32/lib/../lib/libmsvcrt.a(dwbes00059.o)
 .text          0x004026dc        0x8 C:/Program Files (x86)/mingw-w64/i686-8.1.0-win32-dwarf-rt_v6-rev0/mingw32/bin/../lib/gcc/i686-w64-mingw32/8.1.0/../../../../i686-w64-mingw32/lib/../lib/libmsvcrt.a(dwbes00058.o)
                0x004026dc                __getmainargs
 *fill*         0x004026e4        0xc 
 .text          0x004026f0       0x10 C:/Program Files (x86)/mingw-w64/i686-8.1.0-win32-dwarf-rt_v6-rev0/mingw32/bin/../lib/gcc/i686-w64-mingw32/8.1.0/../../../../i686-w64-mingw32/lib/../lib/libmsvcrt.a(lib32_libmsvcrt_os_a-acrt_iob_func.o)
                0x004026f0                __acrt_iob_func
 .text          0x00402700       0x20 C:/Program Files (x86)/mingw-w64/i686-8.1.0-win32-dwarf-rt_v6-rev0/mingw32/bin/../lib/gcc/i686-w64-mingw32/8.1.0/../../../../i686-w64-mingw32/lib/../lib/libmsvcrt.a(lib32_libmsvcrt_os_a-invalid_parameter_handler.o)
                0x00402700                _get_invalid_parameter_handler
                0x00402710                _set_invalid_parameter_handler
 .text          0x00402720        0x0 C:/Program Files (x86)/mingw-w64/i686-8.1.0-win32-dwarf-rt_v6-rev0/mingw32/bin/../lib/gcc/i686-w64-mingw32/8.1.0/../../../../i686-w64-mingw32/lib/../lib/libmsvcrt.a(dwbeh.o)
 .text          0x00402720        0x0 C:/Program Files (x86)/mingw-w64/i686-8.1.0-win32-dwarf-rt_v6-rev0/mingw32/bin/../lib/gcc/i686-w64-mingw32/8.1.0/../../../../i686-w64-mingw32/lib/../lib/libmsvcrt.a(dwbes00355.o)
 .text          0x00402720        0x0 C:/Program Files (x86)/mingw-w64/i686-8.1.0-win32-dwarf-rt_v6-rev0/mingw32/bin/../lib/gcc/i686-w64-mingw32/8.1.0/../../../../i686-w64-mingw32/lib/../lib/libmsvcrt.a(dwbet.o)
 .text          0x00402720        0x0 C:/Program Files (x86)/mingw-w64/i686-8.1.0-win32-dwarf-rt_v6-rev0/mingw32/bin/../lib/gcc/i686-w64-mingw32/8.1.0/../../../../i686-w64-mingw32/lib/../lib/libkernel32.a(dgzch.o)
 .text          0x00402720        0x0 C:/Program Files (x86)/mingw-w64/i686-8.1.0-win32-dwarf-rt_v6-rev0/mingw32/bin/../lib/gcc/i686-w64-mingw32/8.1.0/../../../../i686-w64-mingw32/lib/../lib/libkernel32.a(dgzct.o)
 .text          0x00402720        0x0 C:/Program Files (x86)/mingw-w64/i686-8.1.0-win32-dwarf-rt_v6-rev0/mingw32/bin/../lib/gcc/i686-w64-mingw32/8.1.0/crtend.o
 *(SORT_BY_NAME(.text$*))
 *(.text.*)
 .text.unlikely
                0x00402720       0x5c C:/Program Files (x86)/mingw-w64/i686-8.1.0-win32-dwarf-rt_v6-rev0/mingw32/bin/../lib/gcc/i686-w64-mingw32/8.1.0/../../../../i686-w64-mingw32/lib/../lib/libmingw32.a(lib32_libmingw32_a-pseudo-reloc.o)
 *fill*         0x0040277c        0x4 
 .text.startup  0x00402780       0x10 C:/Program Files (x86)/mingw-w64/i686-8.1.0-win32-dwarf-rt_v6-rev0/mingw32/bin/../lib/gcc/i686-w64-mingw32/8.1.0/crtend.o
 *(.gnu.linkonce.t.*)
 *(.glue_7t)
 *(.glue_7)
                0x00402790                ___CTOR_LIST__ = .
                0x00402790                __CTOR_LIST__ = .
                0x00402790        0x4 LONG 0xffffffff
 *(.ctors)
 *(.ctor)
 *(SORT_BY_NAME(.ctors.*))
 .ctors.65535   0x00402794        0x4 C:/Program Files (x86)/mingw-w64/i686-8.1.0-win32-dwarf-rt_v6-rev0/mingw32/bin/../lib/gcc/i686-w64-mingw32/8.1.0/crtend.o
                0x00402798        0x4 LONG 0x0
                0x0040279c                ___DTOR_LIST__ = .
                0x0040279c                __DTOR_LIST__ = .
                0x0040279c        0x4 LONG 0xffffffff
 *(.dtors)
 *(.dtor)
 *(SORT_BY_NAME(.dtors.*))
                0x004027a0        0x4 LONG 0x0
 *(.fini)
 *(.gcc_exc)
                [!provide]                PROVIDE (etext = .)
                [!provide]                PROVIDE (_etext = .)
 *(.gcc_except_table)

.data           0x00403000      0x200
                0x00403000                __data_start__ = .
 *(.data)
 .data          0x00403000        0x4 C:/Program Files (x86)/mingw-w64/i686-8.1.0-win32-dwarf-rt_v6-rev0/mingw32/bin/../lib/gcc/i686-w64-mingw32/8.1.0/../../../../i686-w64-mingw32/lib/../lib/crt2.o
                0x00403000                __mingw_winmain_nShowCmd
 .data          0x00403004        0x4 C:/Program Files (x86)/mingw-w64/i686-8.1.0-win32-dwarf-rt_v6-rev0/mingw32/bin/../lib/gcc/i686-w64-mingw32/8.1.0/crtbegin.o
 .data          0x00403008        0x4 main.o
                0x00403008                g3
 *fill*         0x0040300c       0x14 
 .data          0x00403020       0x40 misc.o
                0x00403020                g5
 .data          0x00403060        0x4 C:/Program Files (x86)/mingw-w64/i686-8.1.0-win32-dwarf-rt_v6-rev0/mingw32/bin/../lib/gcc/i686-w64-mingw32/8.1.0/../../../../i686-w64-mingw32/lib/../lib/libmingw32.a(lib32_libmingw32_a-gccmain.o)
 .data          0x00403064        0x8 C:/Program Files (x86)/mingw-w64/i686-8.1.0-win32-dwarf-rt_v6-rev0/mingw32/bin/../lib/gcc/i686-w64-mingw32/8.1.0/../../../../i686-w64-mingw32/lib/../lib/libmingw32.a(lib32_libmingw32_a-natstart.o)
                0x00403064                __native_vcclrit_reason
                0x00403068                __native_dllmain_reason
 .data          0x0040306c        0x4 C:/Program Files (x86)/mingw-w64/i686-8.1.0-win32-dwarf-rt_v6-rev0/mingw32/bin/../lib/gcc/i686-w64-mingw32/8.1.0/../../../../i686-w64-mingw32/lib/../lib/libmingw32.a(lib32_libmingw32_a-wildcard.o)
                0x0040306c                _dowildcard
 .data          0x00403070        0x4 C:/Program Files (x86)/mingw-w64/i686-8.1.0-win32-dwarf-rt_v6-rev0/mingw32/bin/../lib/gcc/i686-w64-mingw32/8.1.0/../../../../i686-w64-mingw32/lib/../lib/libmingw32.a(lib32_libmingw32_a-charmax.o)
                0x00403070                _charmax
 .data          0x00403074        0x0 C:/Program Files (x86)/mingw-w64/i686-8.1.0-win32-dwarf-rt_v6-rev0/mingw32/bin/../lib/gcc/i686-w64-mingw32/8.1.0/../../../../i686-w64-mingw32/lib/../lib/libmingw32.a(lib32_libmingw32_a-dllargv.o)
 .data          0x00403074        0x0 C:/Program Files (x86)/mingw-w64/i686-8.1.0-win32-dwarf-rt_v6-rev0/mingw32/bin/../lib/gcc/i686-w64-mingw32/8.1.0/../../../../i686-w64-mingw32/lib/../lib/libmingw32.a(lib32_libmingw32_a-gs_support.o)
 .data          0x00403074        0x0 C:/Program Files (x86)/mingw-w64/i686-8.1.0-win32-dwarf-rt_v6-rev0/mingw32/bin/../lib/gcc/i686-w64-mingw32/8.1.0/../../../../i686-w64-mingw32/lib/../lib/libmingw32.a(lib32_libmingw32_a-_newmode.o)
 .data          0x00403074        0x0 C:/Program Files (x86)/mingw-w64/i686-8.1.0-win32-dwarf-rt_v6-rev0/mingw32/bin/../lib/gcc/i686-w64-mingw32/8.1.0/../../../../i686-w64-mingw32/lib/../lib/libmingw32.a(lib32_libmingw32_a-tlssup.o)
 .data          0x00403074        0x0 C:/Program Files (x86)/mingw-w64/i686-8.1.0-win32-dwarf-rt_v6-rev0/mingw32/bin/../lib/gcc/i686-w64-mingw32/8.1.0/../../../../i686-w64-mingw32/lib/../lib/libmingw32.a(lib32_libmingw32_a-cinitexe.o)
 .data          0x00403074        0x0 C:/Program Files (x86)/mingw-w64/i686-8.1.0-win32-dwarf-rt_v6-rev0/mingw32/bin/../lib/gcc/i686-w64-mingw32/8.1.0/../../../../i686-w64-mingw32/lib/../lib/libmingw32.a(lib32_libmingw32_a-merr.o)
 .data          0x00403074        0x0 C:/Program Files (x86)/mingw-w64/i686-8.1.0-win32-dwarf-rt_v6-rev0/mingw32/bin/../lib/gcc/i686-w64-mingw32/8.1.0/../../../../i686-w64-mingw32/lib/../lib/libmingw32.a(lib32_libmingw32_a-CRT_fp10.o)
 .data          0x00403074        0x0 C:/Program Files (x86)/mingw-w64/i686-8.1.0-win32-dwarf-rt_v6-rev0/mingw32/bin/../lib/gcc/i686-w64-mingw32/8.1.0/../../../../i686-w64-mingw32/lib/../lib/libmingw32.a(lib32_libmingw32_a-mingw_helpers.o)
 .data          0x00403074        0x0 C:/Program Files (x86)/mingw-w64/i686-8.1.0-win32-dwarf-rt_v6-rev0/mingw32/bin/../lib/gcc/i686-w64-mingw32/8.1.0/../../../../i686-w64-mingw32/lib/../lib/libmingw32.a(lib32_libmingw32_a-pseudo-reloc.o)
 .data          0x00403074        0x0 C:/Program Files (x86)/mingw-w64/i686-8.1.0-win32-dwarf-rt_v6-rev0/mingw32/bin/../lib/gcc/i686-w64-mingw32/8.1.0/../../../../i686-w64-mingw32/lib/../lib/libmingw32.a(lib32_libmingw32_a-xtxtmode.o)
 .data          0x00403074        0x0 C:/Program Files (x86)/mingw-w64/i686-8.1.0-win32-dwarf-rt_v6-rev0/mingw32/bin/../lib/gcc/i686-w64-mingw32/8.1.0/../../../../i686-w64-mingw32/lib/../lib/libmingw32.a(lib32_libmingw32_a-crt_handler.o)
 .data          0x00403074        0x0 C:/Program Files (x86)/mingw-w64/i686-8.1.0-win32-dwarf-rt_v6-rev0/mingw32/bin/../lib/gcc/i686-w64-mingw32/8.1.0/../../../../i686-w64-mingw32/lib/../lib/libmingw32.a(lib32_libmingw32_a-tlsthrd.o)
 .data          0x00403074        0x4 C:/Program Files (x86)/mingw-w64/i686-8.1.0-win32-dwarf-rt_v6-rev0/mingw32/bin/../lib/gcc/i686-w64-mingw32/8.1.0/../../../../i686-w64-mingw32/lib/../lib/libmingw32.a(lib32_libmingw32_a-tlsmcrt.o)
                0x00403074                _CRT_MT
 .data          0x00403078        0x0 C:/Program Files (x86)/mingw-w64/i686-8.1.0-win32-dwarf-rt_v6-rev0/mingw32/bin/../lib/gcc/i686-w64-mingw32/8.1.0/../../../../i686-w64-mingw32/lib/../lib/libmingw32.a(lib32_libmingw32_a-pseudo-reloc-list.o)
 .data          0x00403078        0x0 C:/Program Files (x86)/mingw-w64/i686-8.1.0-win32-dwarf-rt_v6-rev0/mingw32/bin/../lib/gcc/i686-w64-mingw32/8.1.0/../../../../i686-w64-mingw32/lib/../lib/libmingw32.a(lib32_libmingw32_a-pesect.o)
 .data          0x00403078        0x0 C:/Program Files (x86)/mingw-w64/i686-8.1.0-win32-dwarf-rt_v6-rev0/mingw32/bin/../lib/gcc/i686-w64-mingw32/8.1.0/libgcc.a(_chkstk_ms.o)
 .data          0x00403078        0x0 C:/Program Files (x86)/mingw-w64/i686-8.1.0-win32-dwarf-rt_v6-rev0/mingw32/bin/../lib/gcc/i686-w64-mingw32/8.1.0/libgcc.a(_ctors.o)
 .data          0x00403078        0x4 C:/Program Files (x86)/mingw-w64/i686-8.1.0-win32-dwarf-rt_v6-rev0/mingw32/bin/../lib/gcc/i686-w64-mingw32/8.1.0/../../../../i686-w64-mingw32/lib/../lib/libmingwex.a(lib32_libmingwex_a-mingw_matherr.o)
                0x00403078                _MINGW_INSTALL_DEBUG_MATHERR
 .data          0x0040307c        0x0 C:/Program Files (x86)/mingw-w64/i686-8.1.0-win32-dwarf-rt_v6-rev0/mingw32/bin/../lib/gcc/i686-w64-mingw32/8.1.0/../../../../i686-w64-mingw32/lib/../lib/libmsvcrt.a(dwbes01253.o)
 .data          0x0040307c        0x0 C:/Program Files (x86)/mingw-w64/i686-8.1.0-win32-dwarf-rt_v6-rev0/mingw32/bin/../lib/gcc/i686-w64-mingw32/8.1.0/../../../../i686-w64-mingw32/lib/../lib/libmsvcrt.a(dwbes01220.o)
 .data          0x0040307c        0x0 C:/Program Files (x86)/mingw-w64/i686-8.1.0-win32-dwarf-rt_v6-rev0/mingw32/bin/../lib/gcc/i686-w64-mingw32/8.1.0/../../../../i686-w64-mingw32/lib/../lib/libmsvcrt.a(dwbes01217.o)
 .data          0x0040307c        0x0 C:/Program Files (x86)/mingw-w64/i686-8.1.0-win32-dwarf-rt_v6-rev0/mingw32/bin/../lib/gcc/i686-w64-mingw32/8.1.0/../../../../i686-w64-mingw32/lib/../lib/libmsvcrt.a(dwbes01199.o)
 .data          0x0040307c        0x0 C:/Program Files (x86)/mingw-w64/i686-8.1.0-win32-dwarf-rt_v6-rev0/mingw32/bin/../lib/gcc/i686-w64-mingw32/8.1.0/../../../../i686-w64-mingw32/lib/../lib/libmsvcrt.a(dwbes01172.o)
 .data          0x0040307c        0x0 C:/Program Files (x86)/mingw-w64/i686-8.1.0-win32-dwarf-rt_v6-rev0/mingw32/bin/../lib/gcc/i686-w64-mingw32/8.1.0/../../../../i686-w64-mingw32/lib/../lib/libmsvcrt.a(dwbes01163.o)
 .data          0x0040307c        0x0 C:/Program Files (x86)/mingw-w64/i686-8.1.0-win32-dwarf-rt_v6-rev0/mingw32/bin/../lib/gcc/i686-w64-mingw32/8.1.0/../../../../i686-w64-mingw32/lib/../lib/libmsvcrt.a(dwbes01118.o)
 .data          0x0040307c        0x0 C:/Program Files (x86)/mingw-w64/i686-8.1.0-win32-dwarf-rt_v6-rev0/mingw32/bin/../lib/gcc/i686-w64-mingw32/8.1.0/../../../../i686-w64-mingw32/lib/../lib/libmsvcrt.a(dwbes01104.o)
 .data          0x0040307c        0x0 C:/Program Files (x86)/mingw-w64/i686-8.1.0-win32-dwarf-rt_v6-rev0/mingw32/bin/../lib/gcc/i686-w64-mingw32/8.1.0/../../../../i686-w64-mingw32/lib/../lib/libmsvcrt.a(dwbes01097.o)
 .data          0x0040307c        0x0 C:/Program Files (x86)/mingw-w64/i686-8.1.0-win32-dwarf-rt_v6-rev0/mingw32/bin/../lib/gcc/i686-w64-mingw32/8.1.0/../../../../i686-w64-mingw32/lib/../lib/libmsvcrt.a(dwbes01081.o)
 .data          0x0040307c        0x0 C:/Program Files (x86)/mingw-w64/i686-8.1.0-win32-dwarf-rt_v6-rev0/mingw32/bin/../lib/gcc/i686-w64-mingw32/8.1.0/../../../../i686-w64-mingw32/lib/../lib/libmsvcrt.a(dwbes01076.o)
 .data          0x0040307c        0x0 C:/Program Files (x86)/mingw-w64/i686-8.1.0-win32-dwarf-rt_v6-rev0/mingw32/bin/../lib/gcc/i686-w64-mingw32/8.1.0/../../../../i686-w64-mingw32/lib/../lib/libmsvcrt.a(dwbes01057.o)
 .data          0x0040307c        0x0 C:/Program Files (x86)/mingw-w64/i686-8.1.0-win32-dwarf-rt_v6-rev0/mingw32/bin/../lib/gcc/i686-w64-mingw32/8.1.0/../../../../i686-w64-mingw32/lib/../lib/libmsvcrt.a(dwbes00629.o)
 .data          0x0040307c        0x0 C:/Program Files (x86)/mingw-w64/i686-8.1.0-win32-dwarf-rt_v6-rev0/mingw32/bin/../lib/gcc/i686-w64-mingw32/8.1.0/../../../../i686-w64-mingw32/lib/../lib/libmsvcrt.a(dwbes00351.o)
 .data          0x0040307c        0x0 C:/Program Files (x86)/mingw-w64/i686-8.1.0-win32-dwarf-rt_v6-rev0/mingw32/bin/../lib/gcc/i686-w64-mingw32/8.1.0/../../../../i686-w64-mingw32/lib/../lib/libmsvcrt.a(dwbes00161.o)
 .data          0x0040307c        0x0 C:/Program Files (x86)/mingw-w64/i686-8.1.0-win32-dwarf-rt_v6-rev0/mingw32/bin/../lib/gcc/i686-w64-mingw32/8.1.0/../../../../i686-w64-mingw32/lib/../lib/libmsvcrt.a(dwbes00144.o)
 .data          0x0040307c        0x0 C:/Program Files (x86)/mingw-w64/i686-8.1.0-win32-dwarf-rt_v6-rev0/mingw32/bin/../lib/gcc/i686-w64-mingw32/8.1.0/../../../../i686-w64-mingw32/lib/../lib/libmsvcrt.a(dwbes00107.o)
 .data          0x0040307c        0x0 C:/Program Files (x86)/mingw-w64/i686-8.1.0-win32-dwarf-rt_v6-rev0/mingw32/bin/../lib/gcc/i686-w64-mingw32/8.1.0/../../../../i686-w64-mingw32/lib/../lib/libmsvcrt.a(dwbes00104.o)
 .data          0x0040307c        0x0 C:/Program Files (x86)/mingw-w64/i686-8.1.0-win32-dwarf-rt_v6-rev0/mingw32/bin/../lib/gcc/i686-w64-mingw32/8.1.0/../../../../i686-w64-mingw32/lib/../lib/libmsvcrt.a(dwbes00083.o)
 .data          0x0040307c        0x0 C:/Program Files (x86)/mingw-w64/i686-8.1.0-win32-dwarf-rt_v6-rev0/mingw32/bin/../lib/gcc/i686-w64-mingw32/8.1.0/../../../../i686-w64-mingw32/lib/../lib/libmsvcrt.a(dwbes00076.o)
 .data          0x0040307c        0x0 C:/Program Files (x86)/mingw-w64/i686-8.1.0-win32-dwarf-rt_v6-rev0/mingw32/bin/../lib/gcc/i686-w64-mingw32/8.1.0/../../../../i686-w64-mingw32/lib/../lib/libmsvcrt.a(dwbes00068.o)
 .data          0x0040307c        0x0 C:/Program Files (x86)/mingw-w64/i686-8.1.0-win32-dwarf-rt_v6-rev0/mingw32/bin/../lib/gcc/i686-w64-mingw32/8.1.0/../../../../i686-w64-mingw32/lib/../lib/libmsvcrt.a(dwbes00059.o)
 .data          0x0040307c        0x0 C:/Program Files (x86)/mingw-w64/i686-8.1.0-win32-dwarf-rt_v6-rev0/mingw32/bin/../lib/gcc/i686-w64-mingw32/8.1.0/../../../../i686-w64-mingw32/lib/../lib/libmsvcrt.a(dwbes00058.o)
 .data          0x0040307c        0x4 C:/Program Files (x86)/mingw-w64/i686-8.1.0-win32-dwarf-rt_v6-rev0/mingw32/bin/../lib/gcc/i686-w64-mingw32/8.1.0/../../../../i686-w64-mingw32/lib/../lib/libmsvcrt.a(lib32_libmsvcrt_os_a-acrt_iob_func.o)
                0x0040307c                _imp____acrt_iob_func
 .data          0x00403080        0x8 C:/Program Files (x86)/mingw-w64/i686-8.1.0-win32-dwarf-rt_v6-rev0/mingw32/bin/../lib/gcc/i686-w64-mingw32/8.1.0/../../../../i686-w64-mingw32/lib/../lib/libmsvcrt.a(lib32_libmsvcrt_os_a-invalid_parameter_handler.o)
                0x00403080                _imp___get_invalid_parameter_handler
                0x00403084                _imp___set_invalid_parameter_handler
 .data          0x00403088        0x0 C:/Program Files (x86)/mingw-w64/i686-8.1.0-win32-dwarf-rt_v6-rev0/mingw32/bin/../lib/gcc/i686-w64-mingw32/8.1.0/../../../../i686-w64-mingw32/lib/../lib/libmsvcrt.a(dwbeh.o)
 .data          0x00403088        0x0 C:/Program Files (x86)/mingw-w64/i686-8.1.0-win32-dwarf-rt_v6-rev0/mingw32/bin/../lib/gcc/i686-w64-mingw32/8.1.0/../../../../i686-w64-mingw32/lib/../lib/libmsvcrt.a(dwbes00355.o)
 .data          0x00403088        0x0 C:/Program Files (x86)/mingw-w64/i686-8.1.0-win32-dwarf-rt_v6-rev0/mingw32/bin/../lib/gcc/i686-w64-mingw32/8.1.0/../../../../i686-w64-mingw32/lib/../lib/libmsvcrt.a(dwbet.o)
 .data          0x00403088        0x0 C:/Program Files (x86)/mingw-w64/i686-8.1.0-win32-dwarf-rt_v6-rev0/mingw32/bin/../lib/gcc/i686-w64-mingw32/8.1.0/../../../../i686-w64-mingw32/lib/../lib/libkernel32.a(dgzcs01246.o)
 .data          0x00403088        0x0 C:/Program Files (x86)/mingw-w64/i686-8.1.0-win32-dwarf-rt_v6-rev0/mingw32/bin/../lib/gcc/i686-w64-mingw32/8.1.0/../../../../i686-w64-mingw32/lib/../lib/libkernel32.a(dgzcs01243.o)
 .data          0x00403088        0x0 C:/Program Files (x86)/mingw-w64/i686-8.1.0-win32-dwarf-rt_v6-rev0/mingw32/bin/../lib/gcc/i686-w64-mingw32/8.1.0/../../../../i686-w64-mingw32/lib/../lib/libkernel32.a(dgzcs01210.o)
 .data          0x00403088        0x0 C:/Program Files (x86)/mingw-w64/i686-8.1.0-win32-dwarf-rt_v6-rev0/mingw32/bin/../lib/gcc/i686-w64-mingw32/8.1.0/../../../../i686-w64-mingw32/lib/../lib/libkernel32.a(dgzcs01197.o)
 .data          0x00403088        0x0 C:/Program Files (x86)/mingw-w64/i686-8.1.0-win32-dwarf-rt_v6-rev0/mingw32/bin/../lib/gcc/i686-w64-mingw32/8.1.0/../../../../i686-w64-mingw32/lib/../lib/libkernel32.a(dgzcs01190.o)
 .data          0x00403088        0x0 C:/Program Files (x86)/mingw-w64/i686-8.1.0-win32-dwarf-rt_v6-rev0/mingw32/bin/../lib/gcc/i686-w64-mingw32/8.1.0/../../../../i686-w64-mingw32/lib/../lib/libkernel32.a(dgzcs01176.o)
 .data          0x00403088        0x0 C:/Program Files (x86)/mingw-w64/i686-8.1.0-win32-dwarf-rt_v6-rev0/mingw32/bin/../lib/gcc/i686-w64-mingw32/8.1.0/../../../../i686-w64-mingw32/lib/../lib/libkernel32.a(dgzcs01163.o)
 .data          0x00403088        0x0 C:/Program Files (x86)/mingw-w64/i686-8.1.0-win32-dwarf-rt_v6-rev0/mingw32/bin/../lib/gcc/i686-w64-mingw32/8.1.0/../../../../i686-w64-mingw32/lib/../lib/libkernel32.a(dgzcs00949.o)
 .data          0x00403088        0x0 C:/Program Files (x86)/mingw-w64/i686-8.1.0-win32-dwarf-rt_v6-rev0/mingw32/bin/../lib/gcc/i686-w64-mingw32/8.1.0/../../../../i686-w64-mingw32/lib/../lib/libkernel32.a(dgzcs00839.o)
 .data          0x00403088        0x0 C:/Program Files (x86)/mingw-w64/i686-8.1.0-win32-dwarf-rt_v6-rev0/mingw32/bin/../lib/gcc/i686-w64-mingw32/8.1.0/../../../../i686-w64-mingw32/lib/../lib/libkernel32.a(dgzcs00836.o)
 .data          0x00403088        0x0 C:/Program Files (x86)/mingw-w64/i686-8.1.0-win32-dwarf-rt_v6-rev0/mingw32/bin/../lib/gcc/i686-w64-mingw32/8.1.0/../../../../i686-w64-mingw32/lib/../lib/libkernel32.a(dgzcs00750.o)
 .data          0x00403088        0x0 C:/Program Files (x86)/mingw-w64/i686-8.1.0-win32-dwarf-rt_v6-rev0/mingw32/bin/../lib/gcc/i686-w64-mingw32/8.1.0/../../../../i686-w64-mingw32/lib/../lib/libkernel32.a(dgzcs00666.o)
 .data          0x00403088        0x0 C:/Program Files (x86)/mingw-w64/i686-8.1.0-win32-dwarf-rt_v6-rev0/mingw32/bin/../lib/gcc/i686-w64-mingw32/8.1.0/../../../../i686-w64-mingw32/lib/../lib/libkernel32.a(dgzcs00638.o)
 .data          0x00403088        0x0 C:/Program Files (x86)/mingw-w64/i686-8.1.0-win32-dwarf-rt_v6-rev0/mingw32/bin/../lib/gcc/i686-w64-mingw32/8.1.0/../../../../i686-w64-mingw32/lib/../lib/libkernel32.a(dgzcs00615.o)
 .data          0x00403088        0x0 C:/Program Files (x86)/mingw-w64/i686-8.1.0-win32-dwarf-rt_v6-rev0/mingw32/bin/../lib/gcc/i686-w64-mingw32/8.1.0/../../../../i686-w64-mingw32/lib/../lib/libkernel32.a(dgzcs00584.o)
 .data          0x00403088        0x0 C:/Program Files (x86)/mingw-w64/i686-8.1.0-win32-dwarf-rt_v6-rev0/mingw32/bin/../lib/gcc/i686-w64-mingw32/8.1.0/../../../../i686-w64-mingw32/lib/../lib/libkernel32.a(dgzcs00536.o)
 .data          0x00403088        0x0 C:/Program Files (x86)/mingw-w64/i686-8.1.0-win32-dwarf-rt_v6-rev0/mingw32/bin/../lib/gcc/i686-w64-mingw32/8.1.0/../../../../i686-w64-mingw32/lib/../lib/libkernel32.a(dgzcs00518.o)
 .data          0x00403088        0x0 C:/Program Files (x86)/mingw-w64/i686-8.1.0-win32-dwarf-rt_v6-rev0/mingw32/bin/../lib/gcc/i686-w64-mingw32/8.1.0/../../../../i686-w64-mingw32/lib/../lib/libkernel32.a(dgzcs00460.o)
 .data          0x00403088        0x0 C:/Program Files (x86)/mingw-w64/i686-8.1.0-win32-dwarf-rt_v6-rev0/mingw32/bin/../lib/gcc/i686-w64-mingw32/8.1.0/../../../../i686-w64-mingw32/lib/../lib/libkernel32.a(dgzcs00456.o)
 .data          0x00403088        0x0 C:/Program Files (x86)/mingw-w64/i686-8.1.0-win32-dwarf-rt_v6-rev0/mingw32/bin/../lib/gcc/i686-w64-mingw32/8.1.0/../../../../i686-w64-mingw32/lib/../lib/libkernel32.a(dgzcs00455.o)
 .data          0x00403088        0x0 C:/Program Files (x86)/mingw-w64/i686-8.1.0-win32-dwarf-rt_v6-rev0/mingw32/bin/../lib/gcc/i686-w64-mingw32/8.1.0/../../../../i686-w64-mingw32/lib/../lib/libkernel32.a(dgzcs00359.o)
 .data          0x00403088        0x0 C:/Program Files (x86)/mingw-w64/i686-8.1.0-win32-dwarf-rt_v6-rev0/mingw32/bin/../lib/gcc/i686-w64-mingw32/8.1.0/../../../../i686-w64-mingw32/lib/../lib/libkernel32.a(dgzcs00242.o)
 .data          0x00403088        0x0 C:/Program Files (x86)/mingw-w64/i686-8.1.0-win32-dwarf-rt_v6-rev0/mingw32/bin/../lib/gcc/i686-w64-mingw32/8.1.0/../../../../i686-w64-mingw32/lib/../lib/libkernel32.a(dgzcs00214.o)
 .data          0x00403088        0x0 C:/Program Files (x86)/mingw-w64/i686-8.1.0-win32-dwarf-rt_v6-rev0/mingw32/bin/../lib/gcc/i686-w64-mingw32/8.1.0/../../../../i686-w64-mingw32/lib/../lib/libkernel32.a(dgzch.o)
 .data          0x00403088        0x0 C:/Program Files (x86)/mingw-w64/i686-8.1.0-win32-dwarf-rt_v6-rev0/mingw32/bin/../lib/gcc/i686-w64-mingw32/8.1.0/../../../../i686-w64-mingw32/lib/../lib/libkernel32.a(dgzct.o)
 .data          0x00403088        0x0 C:/Program Files (x86)/mingw-w64/i686-8.1.0-win32-dwarf-rt_v6-rev0/mingw32/bin/../lib/gcc/i686-w64-mingw32/8.1.0/crtend.o
 *(.data2)
 *(SORT_BY_NAME(.data$*))
 .data$__security_cookie
                0x00403088        0x4 C:/Program Files (x86)/mingw-w64/i686-8.1.0-win32-dwarf-rt_v6-rev0/mingw32/bin/../lib/gcc/i686-w64-mingw32/8.1.0/../../../../i686-w64-mingw32/lib/../lib/libmingw32.a(lib32_libmingw32_a-gs_support.o)
                0x00403088                __security_cookie
 .data$__security_cookie_complement
                0x0040308c        0x4 C:/Program Files (x86)/mingw-w64/i686-8.1.0-win32-dwarf-rt_v6-rev0/mingw32/bin/../lib/gcc/i686-w64-mingw32/8.1.0/../../../../i686-w64-mingw32/lib/../lib/libmingw32.a(lib32_libmingw32_a-gs_support.o)
                0x0040308c                __security_cookie_complement
 *(.jcr)
                0x00403090                __data_end__ = .
 *(.data_cygwin_nocopy)

.rdata          0x00404000      0x400
 *(.rdata)
 .rdata         0x00404000       0x44 C:/Program Files (x86)/mingw-w64/i686-8.1.0-win32-dwarf-rt_v6-rev0/mingw32/bin/../lib/gcc/i686-w64-mingw32/8.1.0/crtbegin.o
 .rdata         0x00404044        0x4 main.o
                0x00404044                g2
 .rdata         0x00404048       0x10 misc.o
 .rdata         0x00404058        0x8 C:/Program Files (x86)/mingw-w64/i686-8.1.0-win32-dwarf-rt_v6-rev0/mingw32/bin/../lib/gcc/i686-w64-mingw32/8.1.0/../../../../i686-w64-mingw32/lib/../lib/libmingw32.a(lib32_libmingw32_a-gs_support.o)
 .rdata         0x00404060       0x1c C:/Program Files (x86)/mingw-w64/i686-8.1.0-win32-dwarf-rt_v6-rev0/mingw32/bin/../lib/gcc/i686-w64-mingw32/8.1.0/../../../../i686-w64-mingw32/lib/../lib/libmingw32.a(lib32_libmingw32_a-tlssup.o)
                0x00404060                __dyn_tls_init_callback
                0x00404064                _tls_used
 .rdata         0x0040407c      0x134 C:/Program Files (x86)/mingw-w64/i686-8.1.0-win32-dwarf-rt_v6-rev0/mingw32/bin/../lib/gcc/i686-w64-mingw32/8.1.0/../../../../i686-w64-mingw32/lib/../lib/libmingw32.a(lib32_libmingw32_a-merr.o)
 .rdata         0x004041b0       0xf8 C:/Program Files (x86)/mingw-w64/i686-8.1.0-win32-dwarf-rt_v6-rev0/mingw32/bin/../lib/gcc/i686-w64-mingw32/8.1.0/../../../../i686-w64-mingw32/lib/../lib/libmingw32.a(lib32_libmingw32_a-pseudo-reloc.o)
 *(SORT_BY_NAME(.rdata$*))
 .rdata$zzz     0x004042a8       0x40 main.o
 .rdata$zzz     0x004042e8       0x40 misc.o
                0x00404328                __rt_psrelocs_start = .
 *(.rdata_runtime_pseudo_reloc)
                0x00404328                __rt_psrelocs_end = .
                0x00000000                __rt_psrelocs_size = (__rt_psrelocs_end - __rt_psrelocs_start)
                0x00404328                ___RUNTIME_PSEUDO_RELOC_LIST_END__ = .
                0x00404328                __RUNTIME_PSEUDO_RELOC_LIST_END__ = .
                0x00404328                ___RUNTIME_PSEUDO_RELOC_LIST__ = (. - __rt_psrelocs_size)
                0x00404328                __RUNTIME_PSEUDO_RELOC_LIST__ = (. - __rt_psrelocs_size)

.eh_frame       0x00405000      0xa00
 *(.eh_frame*)
 .eh_frame      0x00405000       0xf8 C:/Program Files (x86)/mingw-w64/i686-8.1.0-win32-dwarf-rt_v6-rev0/mingw32/bin/../lib/gcc/i686-w64-mingw32/8.1.0/../../../../i686-w64-mingw32/lib/../lib/crt2.o
 .eh_frame      0x004050f8       0x68 C:/Program Files (x86)/mingw-w64/i686-8.1.0-win32-dwarf-rt_v6-rev0/mingw32/bin/../lib/gcc/i686-w64-mingw32/8.1.0/crtbegin.o
 .eh_frame      0x00405160       0x3c main.o
 .eh_frame      0x0040519c       0x38 misc.o
 .eh_frame      0x004051d4       0x68 C:/Program Files (x86)/mingw-w64/i686-8.1.0-win32-dwarf-rt_v6-rev0/mingw32/bin/../lib/gcc/i686-w64-mingw32/8.1.0/../../../../i686-w64-mingw32/lib/../lib/libmingw32.a(lib32_libmingw32_a-gccmain.o)
 .eh_frame      0x0040523c       0x2c C:/Program Files (x86)/mingw-w64/i686-8.1.0-win32-dwarf-rt_v6-rev0/mingw32/bin/../lib/gcc/i686-w64-mingw32/8.1.0/../../../../i686-w64-mingw32/lib/../lib/libmingw32.a(lib32_libmingw32_a-charmax.o)
 .eh_frame      0x00405268       0x2c C:/Program Files (x86)/mingw-w64/i686-8.1.0-win32-dwarf-rt_v6-rev0/mingw32/bin/../lib/gcc/i686-w64-mingw32/8.1.0/../../../../i686-w64-mingw32/lib/../lib/libmingw32.a(lib32_libmingw32_a-dllargv.o)
 .eh_frame      0x00405294       0x94 C:/Program Files (x86)/mingw-w64/i686-8.1.0-win32-dwarf-rt_v6-rev0/mingw32/bin/../lib/gcc/i686-w64-mingw32/8.1.0/../../../../i686-w64-mingw32/lib/../lib/libmingw32.a(lib32_libmingw32_a-gs_support.o)
 .eh_frame      0x00405328       0x94 C:/Program Files (x86)/mingw-w64/i686-8.1.0-win32-dwarf-rt_v6-rev0/mingw32/bin/../lib/gcc/i686-w64-mingw32/8.1.0/../../../../i686-w64-mingw32/lib/../lib/libmingw32.a(lib32_libmingw32_a-tlssup.o)
 .eh_frame      0x004053bc       0x70 C:/Program Files (x86)/mingw-w64/i686-8.1.0-win32-dwarf-rt_v6-rev0/mingw32/bin/../lib/gcc/i686-w64-mingw32/8.1.0/../../../../i686-w64-mingw32/lib/../lib/libmingw32.a(lib32_libmingw32_a-merr.o)
 .eh_frame      0x0040542c       0x2c C:/Program Files (x86)/mingw-w64/i686-8.1.0-win32-dwarf-rt_v6-rev0/mingw32/bin/../lib/gcc/i686-w64-mingw32/8.1.0/../../../../i686-w64-mingw32/lib/../lib/libmingw32.a(lib32_libmingw32_a-CRT_fp10.o)
 .eh_frame      0x00405458       0x40 C:/Program Files (x86)/mingw-w64/i686-8.1.0-win32-dwarf-rt_v6-rev0/mingw32/bin/../lib/gcc/i686-w64-mingw32/8.1.0/../../../../i686-w64-mingw32/lib/../lib/libmingw32.a(lib32_libmingw32_a-mingw_helpers.o)
 .eh_frame      0x00405498       0xb8 C:/Program Files (x86)/mingw-w64/i686-8.1.0-win32-dwarf-rt_v6-rev0/mingw32/bin/../lib/gcc/i686-w64-mingw32/8.1.0/../../../../i686-w64-mingw32/lib/../lib/libmingw32.a(lib32_libmingw32_a-pseudo-reloc.o)
 .eh_frame      0x00405550       0x48 C:/Program Files (x86)/mingw-w64/i686-8.1.0-win32-dwarf-rt_v6-rev0/mingw32/bin/../lib/gcc/i686-w64-mingw32/8.1.0/../../../../i686-w64-mingw32/lib/../lib/libmingw32.a(lib32_libmingw32_a-crt_handler.o)
 .eh_frame      0x00405598      0x128 C:/Program Files (x86)/mingw-w64/i686-8.1.0-win32-dwarf-rt_v6-rev0/mingw32/bin/../lib/gcc/i686-w64-mingw32/8.1.0/../../../../i686-w64-mingw32/lib/../lib/libmingw32.a(lib32_libmingw32_a-tlsthrd.o)
 .eh_frame      0x004056c0      0x18c C:/Program Files (x86)/mingw-w64/i686-8.1.0-win32-dwarf-rt_v6-rev0/mingw32/bin/../lib/gcc/i686-w64-mingw32/8.1.0/../../../../i686-w64-mingw32/lib/../lib/libmingw32.a(lib32_libmingw32_a-pesect.o)
 .eh_frame      0x0040584c       0x2c C:/Program Files (x86)/mingw-w64/i686-8.1.0-win32-dwarf-rt_v6-rev0/mingw32/bin/../lib/gcc/i686-w64-mingw32/8.1.0/../../../../i686-w64-mingw32/lib/../lib/libmsvcrt.a(lib32_libmsvcrt_os_a-acrt_iob_func.o)
 .eh_frame      0x00405878       0x40 C:/Program Files (x86)/mingw-w64/i686-8.1.0-win32-dwarf-rt_v6-rev0/mingw32/bin/../lib/gcc/i686-w64-mingw32/8.1.0/../../../../i686-w64-mingw32/lib/../lib/libmsvcrt.a(lib32_libmsvcrt_os_a-invalid_parameter_handler.o)
 .eh_frame      0x004058b8       0x30 C:/Program Files (x86)/mingw-w64/i686-8.1.0-win32-dwarf-rt_v6-rev0/mingw32/bin/../lib/gcc/i686-w64-mingw32/8.1.0/crtend.o

.pdata
 *(.pdata*)

.bss            0x00406000      0x40c
                0x00406000                __bss_start__ = .
 *(.bss)
 .bss           0x00406000       0x1c C:/Program Files (x86)/mingw-w64/i686-8.1.0-win32-dwarf-rt_v6-rev0/mingw32/bin/../lib/gcc/i686-w64-mingw32/8.1.0/../../../../i686-w64-mingw32/lib/../lib/crt2.o
 .bss           0x0040601c       0x18 C:/Program Files (x86)/mingw-w64/i686-8.1.0-win32-dwarf-rt_v6-rev0/mingw32/bin/../lib/gcc/i686-w64-mingw32/8.1.0/crtbegin.o
 .bss           0x00406034        0x8 main.o
                0x00406034                g4
 .bss           0x0040603c        0x4 misc.o
 .bss           0x00406040        0x4 C:/Program Files (x86)/mingw-w64/i686-8.1.0-win32-dwarf-rt_v6-rev0/mingw32/bin/../lib/gcc/i686-w64-mingw32/8.1.0/../../../../i686-w64-mingw32/lib/../lib/libmingw32.a(lib32_libmingw32_a-gccmain.o)
 .bss           0x00406044        0x0 C:/Program Files (x86)/mingw-w64/i686-8.1.0-win32-dwarf-rt_v6-rev0/mingw32/bin/../lib/gcc/i686-w64-mingw32/8.1.0/../../../../i686-w64-mingw32/lib/../lib/libmingw32.a(lib32_libmingw32_a-natstart.o)
 .bss           0x00406044        0x0 C:/Program Files (x86)/mingw-w64/i686-8.1.0-win32-dwarf-rt_v6-rev0/mingw32/bin/../lib/gcc/i686-w64-mingw32/8.1.0/../../../../i686-w64-mingw32/lib/../lib/libmingw32.a(lib32_libmingw32_a-wildcard.o)
 .bss           0x00406044        0x4 C:/Program Files (x86)/mingw-w64/i686-8.1.0-win32-dwarf-rt_v6-rev0/mingw32/bin/../lib/gcc/i686-w64-mingw32/8.1.0/../../../../i686-w64-mingw32/lib/../lib/libmingw32.a(lib32_libmingw32_a-charmax.o)
                0x00406044                mingw_initcharmax
 .bss           0x00406048        0x0 C:/Program Files (x86)/mingw-w64/i686-8.1.0-win32-dwarf-rt_v6-rev0/mingw32/bin/../lib/gcc/i686-w64-mingw32/8.1.0/../../../../i686-w64-mingw32/lib/../lib/libmingw32.a(lib32_libmingw32_a-dllargv.o)
 *fill*         0x00406048       0x18 
 .bss           0x00406060      0x340 C:/Program Files (x86)/mingw-w64/i686-8.1.0-win32-dwarf-rt_v6-rev0/mingw32/bin/../lib/gcc/i686-w64-mingw32/8.1.0/../../../../i686-w64-mingw32/lib/../lib/libmingw32.a(lib32_libmingw32_a-gs_support.o)
 .bss           0x004063a0        0x4 C:/Program Files (x86)/mingw-w64/i686-8.1.0-win32-dwarf-rt_v6-rev0/mingw32/bin/../lib/gcc/i686-w64-mingw32/8.1.0/../../../../i686-w64-mingw32/lib/../lib/libmingw32.a(lib32_libmingw32_a-_newmode.o)
                0x004063a0                _newmode
 .bss           0x004063a4       0x10 C:/Program Files (x86)/mingw-w64/i686-8.1.0-win32-dwarf-rt_v6-rev0/mingw32/bin/../lib/gcc/i686-w64-mingw32/8.1.0/../../../../i686-w64-mingw32/lib/../lib/libmingw32.a(lib32_libmingw32_a-tlssup.o)
                0x004063a4                mingw_initltssuo_force
                0x004063a8                mingw_initltsdyn_force
                0x004063ac                mingw_initltsdrot_force
                0x004063b0                _tls_index
 .bss           0x004063b4        0x0 C:/Program Files (x86)/mingw-w64/i686-8.1.0-win32-dwarf-rt_v6-rev0/mingw32/bin/../lib/gcc/i686-w64-mingw32/8.1.0/../../../../i686-w64-mingw32/lib/../lib/libmingw32.a(lib32_libmingw32_a-cinitexe.o)
 .bss           0x004063b4        0x4 C:/Program Files (x86)/mingw-w64/i686-8.1.0-win32-dwarf-rt_v6-rev0/mingw32/bin/../lib/gcc/i686-w64-mingw32/8.1.0/../../../../i686-w64-mingw32/lib/../lib/libmingw32.a(lib32_libmingw32_a-merr.o)
 .bss           0x004063b8        0x0 C:/Program Files (x86)/mingw-w64/i686-8.1.0-win32-dwarf-rt_v6-rev0/mingw32/bin/../lib/gcc/i686-w64-mingw32/8.1.0/../../../../i686-w64-mingw32/lib/../lib/libmingw32.a(lib32_libmingw32_a-CRT_fp10.o)
 .bss           0x004063b8        0x4 C:/Program Files (x86)/mingw-w64/i686-8.1.0-win32-dwarf-rt_v6-rev0/mingw32/bin/../lib/gcc/i686-w64-mingw32/8.1.0/../../../../i686-w64-mingw32/lib/../lib/libmingw32.a(lib32_libmingw32_a-mingw_helpers.o)
                0x004063b8                mingw_app_type
 .bss           0x004063bc        0xc C:/Program Files (x86)/mingw-w64/i686-8.1.0-win32-dwarf-rt_v6-rev0/mingw32/bin/../lib/gcc/i686-w64-mingw32/8.1.0/../../../../i686-w64-mingw32/lib/../lib/libmingw32.a(lib32_libmingw32_a-pseudo-reloc.o)
 .bss           0x004063c8        0x4 C:/Program Files (x86)/mingw-w64/i686-8.1.0-win32-dwarf-rt_v6-rev0/mingw32/bin/../lib/gcc/i686-w64-mingw32/8.1.0/../../../../i686-w64-mingw32/lib/../lib/libmingw32.a(lib32_libmingw32_a-xtxtmode.o)
                0x004063c8                _fmode
 .bss           0x004063cc        0x4 C:/Program Files (x86)/mingw-w64/i686-8.1.0-win32-dwarf-rt_v6-rev0/mingw32/bin/../lib/gcc/i686-w64-mingw32/8.1.0/../../../../i686-w64-mingw32/lib/../lib/libmingw32.a(lib32_libmingw32_a-crt_handler.o)
                0x004063cc                __mingw_oldexcpt_handler
 .bss           0x004063d0       0x20 C:/Program Files (x86)/mingw-w64/i686-8.1.0-win32-dwarf-rt_v6-rev0/mingw32/bin/../lib/gcc/i686-w64-mingw32/8.1.0/../../../../i686-w64-mingw32/lib/../lib/libmingw32.a(lib32_libmingw32_a-tlsthrd.o)
 .bss           0x004063f0        0x0 C:/Program Files (x86)/mingw-w64/i686-8.1.0-win32-dwarf-rt_v6-rev0/mingw32/bin/../lib/gcc/i686-w64-mingw32/8.1.0/../../../../i686-w64-mingw32/lib/../lib/libmingw32.a(lib32_libmingw32_a-tlsmcrt.o)
 .bss           0x004063f0        0x4 C:/Program Files (x86)/mingw-w64/i686-8.1.0-win32-dwarf-rt_v6-rev0/mingw32/bin/../lib/gcc/i686-w64-mingw32/8.1.0/../../../../i686-w64-mingw32/lib/../lib/libmingw32.a(lib32_libmingw32_a-pseudo-reloc-list.o)
 .bss           0x004063f4        0x0 C:/Program Files (x86)/mingw-w64/i686-8.1.0-win32-dwarf-rt_v6-rev0/mingw32/bin/../lib/gcc/i686-w64-mingw32/8.1.0/../../../../i686-w64-mingw32/lib/../lib/libmingw32.a(lib32_libmingw32_a-pesect.o)
 .bss           0x004063f4        0x0 C:/Program Files (x86)/mingw-w64/i686-8.1.0-win32-dwarf-rt_v6-rev0/mingw32/bin/../lib/gcc/i686-w64-mingw32/8.1.0/libgcc.a(_chkstk_ms.o)
 .bss           0x004063f4        0x0 C:/Program Files (x86)/mingw-w64/i686-8.1.0-win32-dwarf-rt_v6-rev0/mingw32/bin/../lib/gcc/i686-w64-mingw32/8.1.0/libgcc.a(_ctors.o)
 .bss           0x004063f4        0x0 C:/Program Files (x86)/mingw-w64/i686-8.1.0-win32-dwarf-rt_v6-rev0/mingw32/bin/../lib/gcc/i686-w64-mingw32/8.1.0/../../../../i686-w64-mingw32/lib/../lib/libmingwex.a(lib32_libmingwex_a-mingw_matherr.o)
 .bss           0x004063f4        0x0 C:/Program Files (x86)/mingw-w64/i686-8.1.0-win32-dwarf-rt_v6-rev0/mingw32/bin/../lib/gcc/i686-w64-mingw32/8.1.0/../../../../i686-w64-mingw32/lib/../lib/libmsvcrt.a(dwbes01253.o)
 .bss           0x004063f4        0x0 C:/Program Files (x86)/mingw-w64/i686-8.1.0-win32-dwarf-rt_v6-rev0/mingw32/bin/../lib/gcc/i686-w64-mingw32/8.1.0/../../../../i686-w64-mingw32/lib/../lib/libmsvcrt.a(dwbes01220.o)
 .bss           0x004063f4        0x0 C:/Program Files (x86)/mingw-w64/i686-8.1.0-win32-dwarf-rt_v6-rev0/mingw32/bin/../lib/gcc/i686-w64-mingw32/8.1.0/../../../../i686-w64-mingw32/lib/../lib/libmsvcrt.a(dwbes01217.o)
 .bss           0x004063f4        0x0 C:/Program Files (x86)/mingw-w64/i686-8.1.0-win32-dwarf-rt_v6-rev0/mingw32/bin/../lib/gcc/i686-w64-mingw32/8.1.0/../../../../i686-w64-mingw32/lib/../lib/libmsvcrt.a(dwbes01199.o)
 .bss           0x004063f4        0x0 C:/Program Files (x86)/mingw-w64/i686-8.1.0-win32-dwarf-rt_v6-rev0/mingw32/bin/../lib/gcc/i686-w64-mingw32/8.1.0/../../../../i686-w64-mingw32/lib/../lib/libmsvcrt.a(dwbes01172.o)
 .bss           0x004063f4        0x0 C:/Program Files (x86)/mingw-w64/i686-8.1.0-win32-dwarf-rt_v6-rev0/mingw32/bin/../lib/gcc/i686-w64-mingw32/8.1.0/../../../../i686-w64-mingw32/lib/../lib/libmsvcrt.a(dwbes01163.o)
 .bss           0x004063f4        0x0 C:/Program Files (x86)/mingw-w64/i686-8.1.0-win32-dwarf-rt_v6-rev0/mingw32/bin/../lib/gcc/i686-w64-mingw32/8.1.0/../../../../i686-w64-mingw32/lib/../lib/libmsvcrt.a(dwbes01118.o)
 .bss           0x004063f4        0x0 C:/Program Files (x86)/mingw-w64/i686-8.1.0-win32-dwarf-rt_v6-rev0/mingw32/bin/../lib/gcc/i686-w64-mingw32/8.1.0/../../../../i686-w64-mingw32/lib/../lib/libmsvcrt.a(dwbes01104.o)
 .bss           0x004063f4        0x0 C:/Program Files (x86)/mingw-w64/i686-8.1.0-win32-dwarf-rt_v6-rev0/mingw32/bin/../lib/gcc/i686-w64-mingw32/8.1.0/../../../../i686-w64-mingw32/lib/../lib/libmsvcrt.a(dwbes01097.o)
 .bss           0x004063f4        0x0 C:/Program Files (x86)/mingw-w64/i686-8.1.0-win32-dwarf-rt_v6-rev0/mingw32/bin/../lib/gcc/i686-w64-mingw32/8.1.0/../../../../i686-w64-mingw32/lib/../lib/libmsvcrt.a(dwbes01081.o)
 .bss           0x004063f4        0x0 C:/Program Files (x86)/mingw-w64/i686-8.1.0-win32-dwarf-rt_v6-rev0/mingw32/bin/../lib/gcc/i686-w64-mingw32/8.1.0/../../../../i686-w64-mingw32/lib/../lib/libmsvcrt.a(dwbes01076.o)
 .bss           0x004063f4        0x0 C:/Program Files (x86)/mingw-w64/i686-8.1.0-win32-dwarf-rt_v6-rev0/mingw32/bin/../lib/gcc/i686-w64-mingw32/8.1.0/../../../../i686-w64-mingw32/lib/../lib/libmsvcrt.a(dwbes01057.o)
 .bss           0x004063f4        0x0 C:/Program Files (x86)/mingw-w64/i686-8.1.0-win32-dwarf-rt_v6-rev0/mingw32/bin/../lib/gcc/i686-w64-mingw32/8.1.0/../../../../i686-w64-mingw32/lib/../lib/libmsvcrt.a(dwbes00629.o)
 .bss           0x004063f4        0x0 C:/Program Files (x86)/mingw-w64/i686-8.1.0-win32-dwarf-rt_v6-rev0/mingw32/bin/../lib/gcc/i686-w64-mingw32/8.1.0/../../../../i686-w64-mingw32/lib/../lib/libmsvcrt.a(dwbes00351.o)
 .bss           0x004063f4        0x0 C:/Program Files (x86)/mingw-w64/i686-8.1.0-win32-dwarf-rt_v6-rev0/mingw32/bin/../lib/gcc/i686-w64-mingw32/8.1.0/../../../../i686-w64-mingw32/lib/../lib/libmsvcrt.a(dwbes00161.o)
 .bss           0x004063f4        0x0 C:/Program Files (x86)/mingw-w64/i686-8.1.0-win32-dwarf-rt_v6-rev0/mingw32/bin/../lib/gcc/i686-w64-mingw32/8.1.0/../../../../i686-w64-mingw32/lib/../lib/libmsvcrt.a(dwbes00144.o)
 .bss           0x004063f4        0x0 C:/Program Files (x86)/mingw-w64/i686-8.1.0-win32-dwarf-rt_v6-rev0/mingw32/bin/../lib/gcc/i686-w64-mingw32/8.1.0/../../../../i686-w64-mingw32/lib/../lib/libmsvcrt.a(dwbes00107.o)
 .bss           0x004063f4        0x0 C:/Program Files (x86)/mingw-w64/i686-8.1.0-win32-dwarf-rt_v6-rev0/mingw32/bin/../lib/gcc/i686-w64-mingw32/8.1.0/../../../../i686-w64-mingw32/lib/../lib/libmsvcrt.a(dwbes00104.o)
 .bss           0x004063f4        0x0 C:/Program Files (x86)/mingw-w64/i686-8.1.0-win32-dwarf-rt_v6-rev0/mingw32/bin/../lib/gcc/i686-w64-mingw32/8.1.0/../../../../i686-w64-mingw32/lib/../lib/libmsvcrt.a(dwbes00083.o)
 .bss           0x004063f4        0x0 C:/Program Files (x86)/mingw-w64/i686-8.1.0-win32-dwarf-rt_v6-rev0/mingw32/bin/../lib/gcc/i686-w64-mingw32/8.1.0/../../../../i686-w64-mingw32/lib/../lib/libmsvcrt.a(dwbes00076.o)
 .bss           0x004063f4        0x0 C:/Program Files (x86)/mingw-w64/i686-8.1.0-win32-dwarf-rt_v6-rev0/mingw32/bin/../lib/gcc/i686-w64-mingw32/8.1.0/../../../../i686-w64-mingw32/lib/../lib/libmsvcrt.a(dwbes00068.o)
 .bss           0x004063f4        0x0 C:/Program Files (x86)/mingw-w64/i686-8.1.0-win32-dwarf-rt_v6-rev0/mingw32/bin/../lib/gcc/i686-w64-mingw32/8.1.0/../../../../i686-w64-mingw32/lib/../lib/libmsvcrt.a(dwbes00059.o)
 .bss           0x004063f4        0x0 C:/Program Files (x86)/mingw-w64/i686-8.1.0-win32-dwarf-rt_v6-rev0/mingw32/bin/../lib/gcc/i686-w64-mingw32/8.1.0/../../../../i686-w64-mingw32/lib/../lib/libmsvcrt.a(dwbes00058.o)
 .bss           0x004063f4        0x0 C:/Program Files (x86)/mingw-w64/i686-8.1.0-win32-dwarf-rt_v6-rev0/mingw32/bin/../lib/gcc/i686-w64-mingw32/8.1.0/../../../../i686-w64-mingw32/lib/../lib/libmsvcrt.a(lib32_libmsvcrt_os_a-acrt_iob_func.o)
 .bss           0x004063f4        0x4 C:/Program Files (x86)/mingw-w64/i686-8.1.0-win32-dwarf-rt_v6-rev0/mingw32/bin/../lib/gcc/i686-w64-mingw32/8.1.0/../../../../i686-w64-mingw32/lib/../lib/libmsvcrt.a(lib32_libmsvcrt_os_a-invalid_parameter_handler.o)
 .bss           0x004063f8        0x0 C:/Program Files (x86)/mingw-w64/i686-8.1.0-win32-dwarf-rt_v6-rev0/mingw32/bin/../lib/gcc/i686-w64-mingw32/8.1.0/../../../../i686-w64-mingw32/lib/../lib/libmsvcrt.a(dwbeh.o)
 .bss           0x004063f8        0x0 C:/Program Files (x86)/mingw-w64/i686-8.1.0-win32-dwarf-rt_v6-rev0/mingw32/bin/../lib/gcc/i686-w64-mingw32/8.1.0/../../../../i686-w64-mingw32/lib/../lib/libmsvcrt.a(dwbes00355.o)
 .bss           0x004063f8        0x0 C:/Program Files (x86)/mingw-w64/i686-8.1.0-win32-dwarf-rt_v6-rev0/mingw32/bin/../lib/gcc/i686-w64-mingw32/8.1.0/../../../../i686-w64-mingw32/lib/../lib/libmsvcrt.a(dwbet.o)
 .bss           0x004063f8        0x0 C:/Program Files (x86)/mingw-w64/i686-8.1.0-win32-dwarf-rt_v6-rev0/mingw32/bin/../lib/gcc/i686-w64-mingw32/8.1.0/../../../../i686-w64-mingw32/lib/../lib/libkernel32.a(dgzcs01246.o)
 .bss           0x004063f8        0x0 C:/Program Files (x86)/mingw-w64/i686-8.1.0-win32-dwarf-rt_v6-rev0/mingw32/bin/../lib/gcc/i686-w64-mingw32/8.1.0/../../../../i686-w64-mingw32/lib/../lib/libkernel32.a(dgzcs01243.o)
 .bss           0x004063f8        0x0 C:/Program Files (x86)/mingw-w64/i686-8.1.0-win32-dwarf-rt_v6-rev0/mingw32/bin/../lib/gcc/i686-w64-mingw32/8.1.0/../../../../i686-w64-mingw32/lib/../lib/libkernel32.a(dgzcs01210.o)
 .bss           0x004063f8        0x0 C:/Program Files (x86)/mingw-w64/i686-8.1.0-win32-dwarf-rt_v6-rev0/mingw32/bin/../lib/gcc/i686-w64-mingw32/8.1.0/../../../../i686-w64-mingw32/lib/../lib/libkernel32.a(dgzcs01197.o)
 .bss           0x004063f8        0x0 C:/Program Files (x86)/mingw-w64/i686-8.1.0-win32-dwarf-rt_v6-rev0/mingw32/bin/../lib/gcc/i686-w64-mingw32/8.1.0/../../../../i686-w64-mingw32/lib/../lib/libkernel32.a(dgzcs01190.o)
 .bss           0x004063f8        0x0 C:/Program Files (x86)/mingw-w64/i686-8.1.0-win32-dwarf-rt_v6-rev0/mingw32/bin/../lib/gcc/i686-w64-mingw32/8.1.0/../../../../i686-w64-mingw32/lib/../lib/libkernel32.a(dgzcs01176.o)
 .bss           0x004063f8        0x0 C:/Program Files (x86)/mingw-w64/i686-8.1.0-win32-dwarf-rt_v6-rev0/mingw32/bin/../lib/gcc/i686-w64-mingw32/8.1.0/../../../../i686-w64-mingw32/lib/../lib/libkernel32.a(dgzcs01163.o)
 .bss           0x004063f8        0x0 C:/Program Files (x86)/mingw-w64/i686-8.1.0-win32-dwarf-rt_v6-rev0/mingw32/bin/../lib/gcc/i686-w64-mingw32/8.1.0/../../../../i686-w64-mingw32/lib/../lib/libkernel32.a(dgzcs00949.o)
 .bss           0x004063f8        0x0 C:/Program Files (x86)/mingw-w64/i686-8.1.0-win32-dwarf-rt_v6-rev0/mingw32/bin/../lib/gcc/i686-w64-mingw32/8.1.0/../../../../i686-w64-mingw32/lib/../lib/libkernel32.a(dgzcs00839.o)
 .bss           0x004063f8        0x0 C:/Program Files (x86)/mingw-w64/i686-8.1.0-win32-dwarf-rt_v6-rev0/mingw32/bin/../lib/gcc/i686-w64-mingw32/8.1.0/../../../../i686-w64-mingw32/lib/../lib/libkernel32.a(dgzcs00836.o)
 .bss           0x004063f8        0x0 C:/Program Files (x86)/mingw-w64/i686-8.1.0-win32-dwarf-rt_v6-rev0/mingw32/bin/../lib/gcc/i686-w64-mingw32/8.1.0/../../../../i686-w64-mingw32/lib/../lib/libkernel32.a(dgzcs00750.o)
 .bss           0x004063f8        0x0 C:/Program Files (x86)/mingw-w64/i686-8.1.0-win32-dwarf-rt_v6-rev0/mingw32/bin/../lib/gcc/i686-w64-mingw32/8.1.0/../../../../i686-w64-mingw32/lib/../lib/libkernel32.a(dgzcs00666.o)
 .bss           0x004063f8        0x0 C:/Program Files (x86)/mingw-w64/i686-8.1.0-win32-dwarf-rt_v6-rev0/mingw32/bin/../lib/gcc/i686-w64-mingw32/8.1.0/../../../../i686-w64-mingw32/lib/../lib/libkernel32.a(dgzcs00638.o)
 .bss           0x004063f8        0x0 C:/Program Files (x86)/mingw-w64/i686-8.1.0-win32-dwarf-rt_v6-rev0/mingw32/bin/../lib/gcc/i686-w64-mingw32/8.1.0/../../../../i686-w64-mingw32/lib/../lib/libkernel32.a(dgzcs00615.o)
 .bss           0x004063f8        0x0 C:/Program Files (x86)/mingw-w64/i686-8.1.0-win32-dwarf-rt_v6-rev0/mingw32/bin/../lib/gcc/i686-w64-mingw32/8.1.0/../../../../i686-w64-mingw32/lib/../lib/libkernel32.a(dgzcs00584.o)
 .bss           0x004063f8        0x0 C:/Program Files (x86)/mingw-w64/i686-8.1.0-win32-dwarf-rt_v6-rev0/mingw32/bin/../lib/gcc/i686-w64-mingw32/8.1.0/../../../../i686-w64-mingw32/lib/../lib/libkernel32.a(dgzcs00536.o)
 .bss           0x004063f8        0x0 C:/Program Files (x86)/mingw-w64/i686-8.1.0-win32-dwarf-rt_v6-rev0/mingw32/bin/../lib/gcc/i686-w64-mingw32/8.1.0/../../../../i686-w64-mingw32/lib/../lib/libkernel32.a(dgzcs00518.o)
 .bss           0x004063f8        0x0 C:/Program Files (x86)/mingw-w64/i686-8.1.0-win32-dwarf-rt_v6-rev0/mingw32/bin/../lib/gcc/i686-w64-mingw32/8.1.0/../../../../i686-w64-mingw32/lib/../lib/libkernel32.a(dgzcs00460.o)
 .bss           0x004063f8        0x0 C:/Program Files (x86)/mingw-w64/i686-8.1.0-win32-dwarf-rt_v6-rev0/mingw32/bin/../lib/gcc/i686-w64-mingw32/8.1.0/../../../../i686-w64-mingw32/lib/../lib/libkernel32.a(dgzcs00456.o)
 .bss           0x004063f8        0x0 C:/Program Files (x86)/mingw-w64/i686-8.1.0-win32-dwarf-rt_v6-rev0/mingw32/bin/../lib/gcc/i686-w64-mingw32/8.1.0/../../../../i686-w64-mingw32/lib/../lib/libkernel32.a(dgzcs00455.o)
 .bss           0x004063f8        0x0 C:/Program Files (x86)/mingw-w64/i686-8.1.0-win32-dwarf-rt_v6-rev0/mingw32/bin/../lib/gcc/i686-w64-mingw32/8.1.0/../../../../i686-w64-mingw32/lib/../lib/libkernel32.a(dgzcs00359.o)
 .bss           0x004063f8        0x0 C:/Program Files (x86)/mingw-w64/i686-8.1.0-win32-dwarf-rt_v6-rev0/mingw32/bin/../lib/gcc/i686-w64-mingw32/8.1.0/../../../../i686-w64-mingw32/lib/../lib/libkernel32.a(dgzcs00242.o)
 .bss           0x004063f8        0x0 C:/Program Files (x86)/mingw-w64/i686-8.1.0-win32-dwarf-rt_v6-rev0/mingw32/bin/../lib/gcc/i686-w64-mingw32/8.1.0/../../../../i686-w64-mingw32/lib/../lib/libkernel32.a(dgzcs00214.o)
 .bss           0x004063f8        0x0 C:/Program Files (x86)/mingw-w64/i686-8.1.0-win32-dwarf-rt_v6-rev0/mingw32/bin/../lib/gcc/i686-w64-mingw32/8.1.0/../../../../i686-w64-mingw32/lib/../lib/libkernel32.a(dgzch.o)
 .bss           0x004063f8        0x0 C:/Program Files (x86)/mingw-w64/i686-8.1.0-win32-dwarf-rt_v6-rev0/mingw32/bin/../lib/gcc/i686-w64-mingw32/8.1.0/../../../../i686-w64-mingw32/lib/../lib/libkernel32.a(dgzct.o)
 .bss           0x004063f8        0x0 C:/Program Files (x86)/mingw-w64/i686-8.1.0-win32-dwarf-rt_v6-rev0/mingw32/bin/../lib/gcc/i686-w64-mingw32/8.1.0/crtend.o
 *(COMMON)
 COMMON         0x004063f8        0x8 C:/Program Files (x86)/mingw-w64/i686-8.1.0-win32-dwarf-rt_v6-rev0/mingw32/bin/../lib/gcc/i686-w64-mingw32/8.1.0/../../../../i686-w64-mingw32/lib/../lib/crt2.o
                0x004063f8                __mingw_winmain_lpCmdLine
                0x004063fc                __mingw_winmain_hInstance
 COMMON         0x00406400        0x4 C:/Program Files (x86)/mingw-w64/i686-8.1.0-win32-dwarf-rt_v6-rev0/mingw32/bin/../lib/gcc/i686-w64-mingw32/8.1.0/crtbegin.o
                0x00406400                hmod_libgcc
 COMMON         0x00406404        0x8 C:/Program Files (x86)/mingw-w64/i686-8.1.0-win32-dwarf-rt_v6-rev0/mingw32/bin/../lib/gcc/i686-w64-mingw32/8.1.0/../../../../i686-w64-mingw32/lib/../lib/libmingw32.a(lib32_libmingw32_a-natstart.o)
                0x00406404                __native_startup_lock
                0x00406408                __native_startup_state
 COMMON         0x0040640c        0x0 C:/Program Files (x86)/mingw-w64/i686-8.1.0-win32-dwarf-rt_v6-rev0/mingw32/bin/../lib/gcc/i686-w64-mingw32/8.1.0/libgcc.a(_ctors.o)
                0x0040640c                __bss_end__ = .

.edata
 *(.edata)

/DISCARD/
 *(.debug$S)
 *(.debug$T)
 *(.debug$F)
 *(.drectve)
 *(.note.GNU-stack)
 *(.gnu.lto_*)

.idata          0x00407000      0x600
 SORT_BY_NAME(*)(.idata$2)
 .idata$2       0x00407000       0x14 C:/Program Files (x86)/mingw-w64/i686-8.1.0-win32-dwarf-rt_v6-rev0/mingw32/bin/../lib/gcc/i686-w64-mingw32/8.1.0/../../../../i686-w64-mingw32/lib/../lib/libkernel32.a(dgzch.o)
                0x00407000                _head_lib32_libkernel32_a
 .idata$2       0x00407014       0x14 C:/Program Files (x86)/mingw-w64/i686-8.1.0-win32-dwarf-rt_v6-rev0/mingw32/bin/../lib/gcc/i686-w64-mingw32/8.1.0/../../../../i686-w64-mingw32/lib/../lib/libmsvcrt.a(dwbeh.o)
                0x00407014                _head_lib32_libmsvcrt_os_a
 SORT_BY_NAME(*)(.idata$3)
                0x00407028        0x4 LONG 0x0
                0x0040702c        0x4 LONG 0x0
                0x00407030        0x4 LONG 0x0
                0x00407034        0x4 LONG 0x0
                0x00407038        0x4 LONG 0x0
 SORT_BY_NAME(*)(.idata$4)
 .idata$4       0x0040703c        0x0 C:/Program Files (x86)/mingw-w64/i686-8.1.0-win32-dwarf-rt_v6-rev0/mingw32/bin/../lib/gcc/i686-w64-mingw32/8.1.0/../../../../i686-w64-mingw32/lib/../lib/libkernel32.a(dgzch.o)
 .idata$4       0x0040703c        0x4 C:/Program Files (x86)/mingw-w64/i686-8.1.0-win32-dwarf-rt_v6-rev0/mingw32/bin/../lib/gcc/i686-w64-mingw32/8.1.0/../../../../i686-w64-mingw32/lib/../lib/libkernel32.a(dgzcs00214.o)
 .idata$4       0x00407040        0x4 C:/Program Files (x86)/mingw-w64/i686-8.1.0-win32-dwarf-rt_v6-rev0/mingw32/bin/../lib/gcc/i686-w64-mingw32/8.1.0/../../../../i686-w64-mingw32/lib/../lib/libkernel32.a(dgzcs00242.o)
 .idata$4       0x00407044        0x4 C:/Program Files (x86)/mingw-w64/i686-8.1.0-win32-dwarf-rt_v6-rev0/mingw32/bin/../lib/gcc/i686-w64-mingw32/8.1.0/../../../../i686-w64-mingw32/lib/../lib/libkernel32.a(dgzcs00359.o)
 .idata$4       0x00407048        0x4 C:/Program Files (x86)/mingw-w64/i686-8.1.0-win32-dwarf-rt_v6-rev0/mingw32/bin/../lib/gcc/i686-w64-mingw32/8.1.0/../../../../i686-w64-mingw32/lib/../lib/libkernel32.a(dgzcs00455.o)
 .idata$4       0x0040704c        0x4 C:/Program Files (x86)/mingw-w64/i686-8.1.0-win32-dwarf-rt_v6-rev0/mingw32/bin/../lib/gcc/i686-w64-mingw32/8.1.0/../../../../i686-w64-mingw32/lib/../lib/libkernel32.a(dgzcs00456.o)
 .idata$4       0x00407050        0x4 C:/Program Files (x86)/mingw-w64/i686-8.1.0-win32-dwarf-rt_v6-rev0/mingw32/bin/../lib/gcc/i686-w64-mingw32/8.1.0/../../../../i686-w64-mingw32/lib/../lib/libkernel32.a(dgzcs00460.o)
 .idata$4       0x00407054        0x4 C:/Program Files (x86)/mingw-w64/i686-8.1.0-win32-dwarf-rt_v6-rev0/mingw32/bin/../lib/gcc/i686-w64-mingw32/8.1.0/../../../../i686-w64-mingw32/lib/../lib/libkernel32.a(dgzcs00518.o)
 .idata$4       0x00407058        0x4 C:/Program Files (x86)/mingw-w64/i686-8.1.0-win32-dwarf-rt_v6-rev0/mingw32/bin/../lib/gcc/i686-w64-mingw32/8.1.0/../../../../i686-w64-mingw32/lib/../lib/libkernel32.a(dgzcs00536.o)
 .idata$4       0x0040705c        0x4 C:/Program Files (x86)/mingw-w64/i686-8.1.0-win32-dwarf-rt_v6-rev0/mingw32/bin/../lib/gcc/i686-w64-mingw32/8.1.0/../../../../i686-w64-mingw32/lib/../lib/libkernel32.a(dgzcs00584.o)
 .idata$4       0x00407060        0x4 C:/Program Files (x86)/mingw-w64/i686-8.1.0-win32-dwarf-rt_v6-rev0/mingw32/bin/../lib/gcc/i686-w64-mingw32/8.1.0/../../../../i686-w64-mingw32/lib/../lib/libkernel32.a(dgzcs00615.o)
 .idata$4       0x00407064        0x4 C:/Program Files (x86)/mingw-w64/i686-8.1.0-win32-dwarf-rt_v6-rev0/mingw32/bin/../lib/gcc/i686-w64-mingw32/8.1.0/../../../../i686-w64-mingw32/lib/../lib/libkernel32.a(dgzcs00638.o)
 .idata$4       0x00407068        0x4 C:/Program Files (x86)/mingw-w64/i686-8.1.0-win32-dwarf-rt_v6-rev0/mingw32/bin/../lib/gcc/i686-w64-mingw32/8.1.0/../../../../i686-w64-mingw32/lib/../lib/libkernel32.a(dgzcs00666.o)
 .idata$4       0x0040706c        0x4 C:/Program Files (x86)/mingw-w64/i686-8.1.0-win32-dwarf-rt_v6-rev0/mingw32/bin/../lib/gcc/i686-w64-mingw32/8.1.0/../../../../i686-w64-mingw32/lib/../lib/libkernel32.a(dgzcs00750.o)
 .idata$4       0x00407070        0x4 C:/Program Files (x86)/mingw-w64/i686-8.1.0-win32-dwarf-rt_v6-rev0/mingw32/bin/../lib/gcc/i686-w64-mingw32/8.1.0/../../../../i686-w64-mingw32/lib/../lib/libkernel32.a(dgzcs00836.o)
 .idata$4       0x00407074        0x4 C:/Program Files (x86)/mingw-w64/i686-8.1.0-win32-dwarf-rt_v6-rev0/mingw32/bin/../lib/gcc/i686-w64-mingw32/8.1.0/../../../../i686-w64-mingw32/lib/../lib/libkernel32.a(dgzcs00839.o)
 .idata$4       0x00407078        0x4 C:/Program Files (x86)/mingw-w64/i686-8.1.0-win32-dwarf-rt_v6-rev0/mingw32/bin/../lib/gcc/i686-w64-mingw32/8.1.0/../../../../i686-w64-mingw32/lib/../lib/libkernel32.a(dgzcs00949.o)
 .idata$4       0x0040707c        0x4 C:/Program Files (x86)/mingw-w64/i686-8.1.0-win32-dwarf-rt_v6-rev0/mingw32/bin/../lib/gcc/i686-w64-mingw32/8.1.0/../../../../i686-w64-mingw32/lib/../lib/libkernel32.a(dgzcs01163.o)
 .idata$4       0x00407080        0x4 C:/Program Files (x86)/mingw-w64/i686-8.1.0-win32-dwarf-rt_v6-rev0/mingw32/bin/../lib/gcc/i686-w64-mingw32/8.1.0/../../../../i686-w64-mingw32/lib/../lib/libkernel32.a(dgzcs01176.o)
 .idata$4       0x00407084        0x4 C:/Program Files (x86)/mingw-w64/i686-8.1.0-win32-dwarf-rt_v6-rev0/mingw32/bin/../lib/gcc/i686-w64-mingw32/8.1.0/../../../../i686-w64-mingw32/lib/../lib/libkernel32.a(dgzcs01190.o)
 .idata$4       0x00407088        0x4 C:/Program Files (x86)/mingw-w64/i686-8.1.0-win32-dwarf-rt_v6-rev0/mingw32/bin/../lib/gcc/i686-w64-mingw32/8.1.0/../../../../i686-w64-mingw32/lib/../lib/libkernel32.a(dgzcs01197.o)
 .idata$4       0x0040708c        0x4 C:/Program Files (x86)/mingw-w64/i686-8.1.0-win32-dwarf-rt_v6-rev0/mingw32/bin/../lib/gcc/i686-w64-mingw32/8.1.0/../../../../i686-w64-mingw32/lib/../lib/libkernel32.a(dgzcs01210.o)
 .idata$4       0x00407090        0x4 C:/Program Files (x86)/mingw-w64/i686-8.1.0-win32-dwarf-rt_v6-rev0/mingw32/bin/../lib/gcc/i686-w64-mingw32/8.1.0/../../../../i686-w64-mingw32/lib/../lib/libkernel32.a(dgzcs01243.o)
 .idata$4       0x00407094        0x4 C:/Program Files (x86)/mingw-w64/i686-8.1.0-win32-dwarf-rt_v6-rev0/mingw32/bin/../lib/gcc/i686-w64-mingw32/8.1.0/../../../../i686-w64-mingw32/lib/../lib/libkernel32.a(dgzcs01246.o)
 .idata$4       0x00407098        0x4 C:/Program Files (x86)/mingw-w64/i686-8.1.0-win32-dwarf-rt_v6-rev0/mingw32/bin/../lib/gcc/i686-w64-mingw32/8.1.0/../../../../i686-w64-mingw32/lib/../lib/libkernel32.a(dgzct.o)
 .idata$4       0x0040709c        0x0 C:/Program Files (x86)/mingw-w64/i686-8.1.0-win32-dwarf-rt_v6-rev0/mingw32/bin/../lib/gcc/i686-w64-mingw32/8.1.0/../../../../i686-w64-mingw32/lib/../lib/libmsvcrt.a(dwbeh.o)
 .idata$4       0x0040709c        0x4 C:/Program Files (x86)/mingw-w64/i686-8.1.0-win32-dwarf-rt_v6-rev0/mingw32/bin/../lib/gcc/i686-w64-mingw32/8.1.0/../../../../i686-w64-mingw32/lib/../lib/libmsvcrt.a(dwbes00058.o)
 .idata$4       0x004070a0        0x4 C:/Program Files (x86)/mingw-w64/i686-8.1.0-win32-dwarf-rt_v6-rev0/mingw32/bin/../lib/gcc/i686-w64-mingw32/8.1.0/../../../../i686-w64-mingw32/lib/../lib/libmsvcrt.a(dwbes00059.o)
 .idata$4       0x004070a4        0x4 C:/Program Files (x86)/mingw-w64/i686-8.1.0-win32-dwarf-rt_v6-rev0/mingw32/bin/../lib/gcc/i686-w64-mingw32/8.1.0/../../../../i686-w64-mingw32/lib/../lib/libmsvcrt.a(dwbes00068.o)
 .idata$4       0x004070a8        0x4 C:/Program Files (x86)/mingw-w64/i686-8.1.0-win32-dwarf-rt_v6-rev0/mingw32/bin/../lib/gcc/i686-w64-mingw32/8.1.0/../../../../i686-w64-mingw32/lib/../lib/libmsvcrt.a(dwbes00076.o)
 .idata$4       0x004070ac        0x4 C:/Program Files (x86)/mingw-w64/i686-8.1.0-win32-dwarf-rt_v6-rev0/mingw32/bin/../lib/gcc/i686-w64-mingw32/8.1.0/../../../../i686-w64-mingw32/lib/../lib/libmsvcrt.a(dwbes00083.o)
 .idata$4       0x004070b0        0x4 C:/Program Files (x86)/mingw-w64/i686-8.1.0-win32-dwarf-rt_v6-rev0/mingw32/bin/../lib/gcc/i686-w64-mingw32/8.1.0/../../../../i686-w64-mingw32/lib/../lib/libmsvcrt.a(dwbes00104.o)
 .idata$4       0x004070b4        0x4 C:/Program Files (x86)/mingw-w64/i686-8.1.0-win32-dwarf-rt_v6-rev0/mingw32/bin/../lib/gcc/i686-w64-mingw32/8.1.0/../../../../i686-w64-mingw32/lib/../lib/libmsvcrt.a(dwbes00107.o)
 .idata$4       0x004070b8        0x4 C:/Program Files (x86)/mingw-w64/i686-8.1.0-win32-dwarf-rt_v6-rev0/mingw32/bin/../lib/gcc/i686-w64-mingw32/8.1.0/../../../../i686-w64-mingw32/lib/../lib/libmsvcrt.a(dwbes00144.o)
 .idata$4       0x004070bc        0x4 C:/Program Files (x86)/mingw-w64/i686-8.1.0-win32-dwarf-rt_v6-rev0/mingw32/bin/../lib/gcc/i686-w64-mingw32/8.1.0/../../../../i686-w64-mingw32/lib/../lib/libmsvcrt.a(dwbes00161.o)
 .idata$4       0x004070c0        0x4 C:/Program Files (x86)/mingw-w64/i686-8.1.0-win32-dwarf-rt_v6-rev0/mingw32/bin/../lib/gcc/i686-w64-mingw32/8.1.0/../../../../i686-w64-mingw32/lib/../lib/libmsvcrt.a(dwbes00351.o)
 .idata$4       0x004070c4        0x4 C:/Program Files (x86)/mingw-w64/i686-8.1.0-win32-dwarf-rt_v6-rev0/mingw32/bin/../lib/gcc/i686-w64-mingw32/8.1.0/../../../../i686-w64-mingw32/lib/../lib/libmsvcrt.a(dwbes00355.o)
 .idata$4       0x004070c8        0x4 C:/Program Files (x86)/mingw-w64/i686-8.1.0-win32-dwarf-rt_v6-rev0/mingw32/bin/../lib/gcc/i686-w64-mingw32/8.1.0/../../../../i686-w64-mingw32/lib/../lib/libmsvcrt.a(dwbes00629.o)
 .idata$4       0x004070cc        0x4 C:/Program Files (x86)/mingw-w64/i686-8.1.0-win32-dwarf-rt_v6-rev0/mingw32/bin/../lib/gcc/i686-w64-mingw32/8.1.0/../../../../i686-w64-mingw32/lib/../lib/libmsvcrt.a(dwbes01057.o)
 .idata$4       0x004070d0        0x4 C:/Program Files (x86)/mingw-w64/i686-8.1.0-win32-dwarf-rt_v6-rev0/mingw32/bin/../lib/gcc/i686-w64-mingw32/8.1.0/../../../../i686-w64-mingw32/lib/../lib/libmsvcrt.a(dwbes01076.o)
 .idata$4       0x004070d4        0x4 C:/Program Files (x86)/mingw-w64/i686-8.1.0-win32-dwarf-rt_v6-rev0/mingw32/bin/../lib/gcc/i686-w64-mingw32/8.1.0/../../../../i686-w64-mingw32/lib/../lib/libmsvcrt.a(dwbes01081.o)
 .idata$4       0x004070d8        0x4 C:/Program Files (x86)/mingw-w64/i686-8.1.0-win32-dwarf-rt_v6-rev0/mingw32/bin/../lib/gcc/i686-w64-mingw32/8.1.0/../../../../i686-w64-mingw32/lib/../lib/libmsvcrt.a(dwbes01097.o)
 .idata$4       0x004070dc        0x4 C:/Program Files (x86)/mingw-w64/i686-8.1.0-win32-dwarf-rt_v6-rev0/mingw32/bin/../lib/gcc/i686-w64-mingw32/8.1.0/../../../../i686-w64-mingw32/lib/../lib/libmsvcrt.a(dwbes01104.o)
 .idata$4       0x004070e0        0x4 C:/Program Files (x86)/mingw-w64/i686-8.1.0-win32-dwarf-rt_v6-rev0/mingw32/bin/../lib/gcc/i686-w64-mingw32/8.1.0/../../../../i686-w64-mingw32/lib/../lib/libmsvcrt.a(dwbes01118.o)
 .idata$4       0x004070e4        0x4 C:/Program Files (x86)/mingw-w64/i686-8.1.0-win32-dwarf-rt_v6-rev0/mingw32/bin/../lib/gcc/i686-w64-mingw32/8.1.0/../../../../i686-w64-mingw32/lib/../lib/libmsvcrt.a(dwbes01163.o)
 .idata$4       0x004070e8        0x4 C:/Program Files (x86)/mingw-w64/i686-8.1.0-win32-dwarf-rt_v6-rev0/mingw32/bin/../lib/gcc/i686-w64-mingw32/8.1.0/../../../../i686-w64-mingw32/lib/../lib/libmsvcrt.a(dwbes01172.o)
 .idata$4       0x004070ec        0x4 C:/Program Files (x86)/mingw-w64/i686-8.1.0-win32-dwarf-rt_v6-rev0/mingw32/bin/../lib/gcc/i686-w64-mingw32/8.1.0/../../../../i686-w64-mingw32/lib/../lib/libmsvcrt.a(dwbes01199.o)
 .idata$4       0x004070f0        0x4 C:/Program Files (x86)/mingw-w64/i686-8.1.0-win32-dwarf-rt_v6-rev0/mingw32/bin/../lib/gcc/i686-w64-mingw32/8.1.0/../../../../i686-w64-mingw32/lib/../lib/libmsvcrt.a(dwbes01217.o)
 .idata$4       0x004070f4        0x4 C:/Program Files (x86)/mingw-w64/i686-8.1.0-win32-dwarf-rt_v6-rev0/mingw32/bin/../lib/gcc/i686-w64-mingw32/8.1.0/../../../../i686-w64-mingw32/lib/../lib/libmsvcrt.a(dwbes01220.o)
 .idata$4       0x004070f8        0x4 C:/Program Files (x86)/mingw-w64/i686-8.1.0-win32-dwarf-rt_v6-rev0/mingw32/bin/../lib/gcc/i686-w64-mingw32/8.1.0/../../../../i686-w64-mingw32/lib/../lib/libmsvcrt.a(dwbes01253.o)
 .idata$4       0x004070fc        0x4 C:/Program Files (x86)/mingw-w64/i686-8.1.0-win32-dwarf-rt_v6-rev0/mingw32/bin/../lib/gcc/i686-w64-mingw32/8.1.0/../../../../i686-w64-mingw32/lib/../lib/libmsvcrt.a(dwbet.o)
                0x00407100                __IAT_start__ = .
 SORT_BY_NAME(*)(.idata$5)
 .idata$5       0x00407100        0x0 C:/Program Files (x86)/mingw-w64/i686-8.1.0-win32-dwarf-rt_v6-rev0/mingw32/bin/../lib/gcc/i686-w64-mingw32/8.1.0/../../../../i686-w64-mingw32/lib/../lib/libkernel32.a(dgzch.o)
 .idata$5       0x00407100        0x4 C:/Program Files (x86)/mingw-w64/i686-8.1.0-win32-dwarf-rt_v6-rev0/mingw32/bin/../lib/gcc/i686-w64-mingw32/8.1.0/../../../../i686-w64-mingw32/lib/../lib/libkernel32.a(dgzcs00214.o)
                0x00407100                _imp__DeleteCriticalSection@4
 .idata$5       0x00407104        0x4 C:/Program Files (x86)/mingw-w64/i686-8.1.0-win32-dwarf-rt_v6-rev0/mingw32/bin/../lib/gcc/i686-w64-mingw32/8.1.0/../../../../i686-w64-mingw32/lib/../lib/libkernel32.a(dgzcs00242.o)
                0x00407104                _imp__EnterCriticalSection@4
 .idata$5       0x00407108        0x4 C:/Program Files (x86)/mingw-w64/i686-8.1.0-win32-dwarf-rt_v6-rev0/mingw32/bin/../lib/gcc/i686-w64-mingw32/8.1.0/../../../../i686-w64-mingw32/lib/../lib/libkernel32.a(dgzcs00359.o)
                0x00407108                _imp__FreeLibrary@4
 .idata$5       0x0040710c        0x4 C:/Program Files (x86)/mingw-w64/i686-8.1.0-win32-dwarf-rt_v6-rev0/mingw32/bin/../lib/gcc/i686-w64-mingw32/8.1.0/../../../../i686-w64-mingw32/lib/../lib/libkernel32.a(dgzcs00455.o)
                0x0040710c                _imp__GetCurrentProcess@0
 .idata$5       0x00407110        0x4 C:/Program Files (x86)/mingw-w64/i686-8.1.0-win32-dwarf-rt_v6-rev0/mingw32/bin/../lib/gcc/i686-w64-mingw32/8.1.0/../../../../i686-w64-mingw32/lib/../lib/libkernel32.a(dgzcs00456.o)
                0x00407110                _imp__GetCurrentProcessId@0
 .idata$5       0x00407114        0x4 C:/Program Files (x86)/mingw-w64/i686-8.1.0-win32-dwarf-rt_v6-rev0/mingw32/bin/../lib/gcc/i686-w64-mingw32/8.1.0/../../../../i686-w64-mingw32/lib/../lib/libkernel32.a(dgzcs00460.o)
                0x00407114                _imp__GetCurrentThreadId@0
 .idata$5       0x00407118        0x4 C:/Program Files (x86)/mingw-w64/i686-8.1.0-win32-dwarf-rt_v6-rev0/mingw32/bin/../lib/gcc/i686-w64-mingw32/8.1.0/../../../../i686-w64-mingw32/lib/../lib/libkernel32.a(dgzcs00518.o)
                0x00407118                _imp__GetLastError@0
 .idata$5       0x0040711c        0x4 C:/Program Files (x86)/mingw-w64/i686-8.1.0-win32-dwarf-rt_v6-rev0/mingw32/bin/../lib/gcc/i686-w64-mingw32/8.1.0/../../../../i686-w64-mingw32/lib/../lib/libkernel32.a(dgzcs00536.o)
                0x0040711c                _imp__GetModuleHandleA@4
 .idata$5       0x00407120        0x4 C:/Program Files (x86)/mingw-w64/i686-8.1.0-win32-dwarf-rt_v6-rev0/mingw32/bin/../lib/gcc/i686-w64-mingw32/8.1.0/../../../../i686-w64-mingw32/lib/../lib/libkernel32.a(dgzcs00584.o)
                0x00407120                _imp__GetProcAddress@8
 .idata$5       0x00407124        0x4 C:/Program Files (x86)/mingw-w64/i686-8.1.0-win32-dwarf-rt_v6-rev0/mingw32/bin/../lib/gcc/i686-w64-mingw32/8.1.0/../../../../i686-w64-mingw32/lib/../lib/libkernel32.a(dgzcs00615.o)
                0x00407124                _imp__GetStartupInfoA@4
 .idata$5       0x00407128        0x4 C:/Program Files (x86)/mingw-w64/i686-8.1.0-win32-dwarf-rt_v6-rev0/mingw32/bin/../lib/gcc/i686-w64-mingw32/8.1.0/../../../../i686-w64-mingw32/lib/../lib/libkernel32.a(dgzcs00638.o)
                0x00407128                _imp__GetSystemTimeAsFileTime@4
 .idata$5       0x0040712c        0x4 C:/Program Files (x86)/mingw-w64/i686-8.1.0-win32-dwarf-rt_v6-rev0/mingw32/bin/../lib/gcc/i686-w64-mingw32/8.1.0/../../../../i686-w64-mingw32/lib/../lib/libkernel32.a(dgzcs00666.o)
                0x0040712c                _imp__GetTickCount@0
 .idata$5       0x00407130        0x4 C:/Program Files (x86)/mingw-w64/i686-8.1.0-win32-dwarf-rt_v6-rev0/mingw32/bin/../lib/gcc/i686-w64-mingw32/8.1.0/../../../../i686-w64-mingw32/lib/../lib/libkernel32.a(dgzcs00750.o)
                0x00407130                _imp__InitializeCriticalSection@4
 .idata$5       0x00407134        0x4 C:/Program Files (x86)/mingw-w64/i686-8.1.0-win32-dwarf-rt_v6-rev0/mingw32/bin/../lib/gcc/i686-w64-mingw32/8.1.0/../../../../i686-w64-mingw32/lib/../lib/libkernel32.a(dgzcs00836.o)
                0x00407134                _imp__LeaveCriticalSection@4
 .idata$5       0x00407138        0x4 C:/Program Files (x86)/mingw-w64/i686-8.1.0-win32-dwarf-rt_v6-rev0/mingw32/bin/../lib/gcc/i686-w64-mingw32/8.1.0/../../../../i686-w64-mingw32/lib/../lib/libkernel32.a(dgzcs00839.o)
                0x00407138                _imp__LoadLibraryA@4
 .idata$5       0x0040713c        0x4 C:/Program Files (x86)/mingw-w64/i686-8.1.0-win32-dwarf-rt_v6-rev0/mingw32/bin/../lib/gcc/i686-w64-mingw32/8.1.0/../../../../i686-w64-mingw32/lib/../lib/libkernel32.a(dgzcs00949.o)
                0x0040713c                _imp__QueryPerformanceCounter@4
 .idata$5       0x00407140        0x4 C:/Program Files (x86)/mingw-w64/i686-8.1.0-win32-dwarf-rt_v6-rev0/mingw32/bin/../lib/gcc/i686-w64-mingw32/8.1.0/../../../../i686-w64-mingw32/lib/../lib/libkernel32.a(dgzcs01163.o)
                0x00407140                _imp__SetUnhandledExceptionFilter@4
 .idata$5       0x00407144        0x4 C:/Program Files (x86)/mingw-w64/i686-8.1.0-win32-dwarf-rt_v6-rev0/mingw32/bin/../lib/gcc/i686-w64-mingw32/8.1.0/../../../../i686-w64-mingw32/lib/../lib/libkernel32.a(dgzcs01176.o)
                0x00407144                _imp__Sleep@4
 .idata$5       0x00407148        0x4 C:/Program Files (x86)/mingw-w64/i686-8.1.0-win32-dwarf-rt_v6-rev0/mingw32/bin/../lib/gcc/i686-w64-mingw32/8.1.0/../../../../i686-w64-mingw32/lib/../lib/libkernel32.a(dgzcs01190.o)
                0x00407148                _imp__TerminateProcess@8
 .idata$5       0x0040714c        0x4 C:/Program Files (x86)/mingw-w64/i686-8.1.0-win32-dwarf-rt_v6-rev0/mingw32/bin/../lib/gcc/i686-w64-mingw32/8.1.0/../../../../i686-w64-mingw32/lib/../lib/libkernel32.a(dgzcs01197.o)
                0x0040714c                _imp__TlsGetValue@4
 .idata$5       0x00407150        0x4 C:/Program Files (x86)/mingw-w64/i686-8.1.0-win32-dwarf-rt_v6-rev0/mingw32/bin/../lib/gcc/i686-w64-mingw32/8.1.0/../../../../i686-w64-mingw32/lib/../lib/libkernel32.a(dgzcs01210.o)
                0x00407150                _imp__UnhandledExceptionFilter@4
 .idata$5       0x00407154        0x4 C:/Program Files (x86)/mingw-w64/i686-8.1.0-win32-dwarf-rt_v6-rev0/mingw32/bin/../lib/gcc/i686-w64-mingw32/8.1.0/../../../../i686-w64-mingw32/lib/../lib/libkernel32.a(dgzcs01243.o)
                0x00407154                _imp__VirtualProtect@16
 .idata$5       0x00407158        0x4 C:/Program Files (x86)/mingw-w64/i686-8.1.0-win32-dwarf-rt_v6-rev0/mingw32/bin/../lib/gcc/i686-w64-mingw32/8.1.0/../../../../i686-w64-mingw32/lib/../lib/libkernel32.a(dgzcs01246.o)
                0x00407158                _imp__VirtualQuery@12
 .idata$5       0x0040715c        0x4 C:/Program Files (x86)/mingw-w64/i686-8.1.0-win32-dwarf-rt_v6-rev0/mingw32/bin/../lib/gcc/i686-w64-mingw32/8.1.0/../../../../i686-w64-mingw32/lib/../lib/libkernel32.a(dgzct.o)
 .idata$5       0x00407160        0x0 C:/Program Files (x86)/mingw-w64/i686-8.1.0-win32-dwarf-rt_v6-rev0/mingw32/bin/../lib/gcc/i686-w64-mingw32/8.1.0/../../../../i686-w64-mingw32/lib/../lib/libmsvcrt.a(dwbeh.o)
 .idata$5       0x00407160        0x4 C:/Program Files (x86)/mingw-w64/i686-8.1.0-win32-dwarf-rt_v6-rev0/mingw32/bin/../lib/gcc/i686-w64-mingw32/8.1.0/../../../../i686-w64-mingw32/lib/../lib/libmsvcrt.a(dwbes00058.o)
                0x00407160                _imp____getmainargs
 .idata$5       0x00407164        0x4 C:/Program Files (x86)/mingw-w64/i686-8.1.0-win32-dwarf-rt_v6-rev0/mingw32/bin/../lib/gcc/i686-w64-mingw32/8.1.0/../../../../i686-w64-mingw32/lib/../lib/libmsvcrt.a(dwbes00059.o)
                0x00407164                _imp____initenv
 .idata$5       0x00407168        0x4 C:/Program Files (x86)/mingw-w64/i686-8.1.0-win32-dwarf-rt_v6-rev0/mingw32/bin/../lib/gcc/i686-w64-mingw32/8.1.0/../../../../i686-w64-mingw32/lib/../lib/libmsvcrt.a(dwbes00068.o)
                0x00407168                _imp____lconv_init
 .idata$5       0x0040716c        0x4 C:/Program Files (x86)/mingw-w64/i686-8.1.0-win32-dwarf-rt_v6-rev0/mingw32/bin/../lib/gcc/i686-w64-mingw32/8.1.0/../../../../i686-w64-mingw32/lib/../lib/libmsvcrt.a(dwbes00076.o)
                0x0040716c                _imp____p__acmdln
 .idata$5       0x00407170        0x4 C:/Program Files (x86)/mingw-w64/i686-8.1.0-win32-dwarf-rt_v6-rev0/mingw32/bin/../lib/gcc/i686-w64-mingw32/8.1.0/../../../../i686-w64-mingw32/lib/../lib/libmsvcrt.a(dwbes00083.o)
                0x00407170                _imp____p__fmode
 .idata$5       0x00407174        0x4 C:/Program Files (x86)/mingw-w64/i686-8.1.0-win32-dwarf-rt_v6-rev0/mingw32/bin/../lib/gcc/i686-w64-mingw32/8.1.0/../../../../i686-w64-mingw32/lib/../lib/libmsvcrt.a(dwbes00104.o)
                0x00407174                _imp____set_app_type
 .idata$5       0x00407178        0x4 C:/Program Files (x86)/mingw-w64/i686-8.1.0-win32-dwarf-rt_v6-rev0/mingw32/bin/../lib/gcc/i686-w64-mingw32/8.1.0/../../../../i686-w64-mingw32/lib/../lib/libmsvcrt.a(dwbes00107.o)
                0x00407178                _imp____setusermatherr
 .idata$5       0x0040717c        0x4 C:/Program Files (x86)/mingw-w64/i686-8.1.0-win32-dwarf-rt_v6-rev0/mingw32/bin/../lib/gcc/i686-w64-mingw32/8.1.0/../../../../i686-w64-mingw32/lib/../lib/libmsvcrt.a(dwbes00144.o)
                0x0040717c                _imp___amsg_exit
 .idata$5       0x00407180        0x4 C:/Program Files (x86)/mingw-w64/i686-8.1.0-win32-dwarf-rt_v6-rev0/mingw32/bin/../lib/gcc/i686-w64-mingw32/8.1.0/../../../../i686-w64-mingw32/lib/../lib/libmsvcrt.a(dwbes00161.o)
                0x00407180                _imp___cexit
 .idata$5       0x00407184        0x4 C:/Program Files (x86)/mingw-w64/i686-8.1.0-win32-dwarf-rt_v6-rev0/mingw32/bin/../lib/gcc/i686-w64-mingw32/8.1.0/../../../../i686-w64-mingw32/lib/../lib/libmsvcrt.a(dwbes00351.o)
                0x00407184                _imp___initterm
 .idata$5       0x00407188        0x4 C:/Program Files (x86)/mingw-w64/i686-8.1.0-win32-dwarf-rt_v6-rev0/mingw32/bin/../lib/gcc/i686-w64-mingw32/8.1.0/../../../../i686-w64-mingw32/lib/../lib/libmsvcrt.a(dwbes00355.o)
                0x00407188                _imp___iob
 .idata$5       0x0040718c        0x4 C:/Program Files (x86)/mingw-w64/i686-8.1.0-win32-dwarf-rt_v6-rev0/mingw32/bin/../lib/gcc/i686-w64-mingw32/8.1.0/../../../../i686-w64-mingw32/lib/../lib/libmsvcrt.a(dwbes00629.o)
                0x0040718c                _imp___onexit
 .idata$5       0x00407190        0x4 C:/Program Files (x86)/mingw-w64/i686-8.1.0-win32-dwarf-rt_v6-rev0/mingw32/bin/../lib/gcc/i686-w64-mingw32/8.1.0/../../../../i686-w64-mingw32/lib/../lib/libmsvcrt.a(dwbes01057.o)
                0x00407190                _imp__abort
 .idata$5       0x00407194        0x4 C:/Program Files (x86)/mingw-w64/i686-8.1.0-win32-dwarf-rt_v6-rev0/mingw32/bin/../lib/gcc/i686-w64-mingw32/8.1.0/../../../../i686-w64-mingw32/lib/../lib/libmsvcrt.a(dwbes01076.o)
                0x00407194                _imp__calloc
 .idata$5       0x00407198        0x4 C:/Program Files (x86)/mingw-w64/i686-8.1.0-win32-dwarf-rt_v6-rev0/mingw32/bin/../lib/gcc/i686-w64-mingw32/8.1.0/../../../../i686-w64-mingw32/lib/../lib/libmsvcrt.a(dwbes01081.o)
                0x00407198                _imp__exit
 .idata$5       0x0040719c        0x4 C:/Program Files (x86)/mingw-w64/i686-8.1.0-win32-dwarf-rt_v6-rev0/mingw32/bin/../lib/gcc/i686-w64-mingw32/8.1.0/../../../../i686-w64-mingw32/lib/../lib/libmsvcrt.a(dwbes01097.o)
                0x0040719c                _imp__fprintf
 .idata$5       0x004071a0        0x4 C:/Program Files (x86)/mingw-w64/i686-8.1.0-win32-dwarf-rt_v6-rev0/mingw32/bin/../lib/gcc/i686-w64-mingw32/8.1.0/../../../../i686-w64-mingw32/lib/../lib/libmsvcrt.a(dwbes01104.o)
                0x004071a0                _imp__free
 .idata$5       0x004071a4        0x4 C:/Program Files (x86)/mingw-w64/i686-8.1.0-win32-dwarf-rt_v6-rev0/mingw32/bin/../lib/gcc/i686-w64-mingw32/8.1.0/../../../../i686-w64-mingw32/lib/../lib/libmsvcrt.a(dwbes01118.o)
                0x004071a4                _imp__fwrite
 .idata$5       0x004071a8        0x4 C:/Program Files (x86)/mingw-w64/i686-8.1.0-win32-dwarf-rt_v6-rev0/mingw32/bin/../lib/gcc/i686-w64-mingw32/8.1.0/../../../../i686-w64-mingw32/lib/../lib/libmsvcrt.a(dwbes01163.o)
                0x004071a8                _imp__malloc
 .idata$5       0x004071ac        0x4 C:/Program Files (x86)/mingw-w64/i686-8.1.0-win32-dwarf-rt_v6-rev0/mingw32/bin/../lib/gcc/i686-w64-mingw32/8.1.0/../../../../i686-w64-mingw32/lib/../lib/libmsvcrt.a(dwbes01172.o)
                0x004071ac                _imp__memcpy
 .idata$5       0x004071b0        0x4 C:/Program Files (x86)/mingw-w64/i686-8.1.0-win32-dwarf-rt_v6-rev0/mingw32/bin/../lib/gcc/i686-w64-mingw32/8.1.0/../../../../i686-w64-mingw32/lib/../lib/libmsvcrt.a(dwbes01199.o)
                0x004071b0                _imp__signal
 .idata$5       0x004071b4        0x4 C:/Program Files (x86)/mingw-w64/i686-8.1.0-win32-dwarf-rt_v6-rev0/mingw32/bin/../lib/gcc/i686-w64-mingw32/8.1.0/../../../../i686-w64-mingw32/lib/../lib/libmsvcrt.a(dwbes01217.o)
                0x004071b4                _imp__strlen
 .idata$5       0x004071b8        0x4 C:/Program Files (x86)/mingw-w64/i686-8.1.0-win32-dwarf-rt_v6-rev0/mingw32/bin/../lib/gcc/i686-w64-mingw32/8.1.0/../../../../i686-w64-mingw32/lib/../lib/libmsvcrt.a(dwbes01220.o)
                0x004071b8                _imp__strncmp
 .idata$5       0x004071bc        0x4 C:/Program Files (x86)/mingw-w64/i686-8.1.0-win32-dwarf-rt_v6-rev0/mingw32/bin/../lib/gcc/i686-w64-mingw32/8.1.0/../../../../i686-w64-mingw32/lib/../lib/libmsvcrt.a(dwbes01253.o)
                0x004071bc                _imp__vfprintf
 .idata$5       0x004071c0        0x4 C:/Program Files (x86)/mingw-w64/i686-8.1.0-win32-dwarf-rt_v6-rev0/mingw32/bin/../lib/gcc/i686-w64-mingw32/8.1.0/../../../../i686-w64-mingw32/lib/../lib/libmsvcrt.a(dwbet.o)
                0x004071c4                __IAT_end__ = .
 SORT_BY_NAME(*)(.idata$6)
 .idata$6       0x004071c4       0x18 C:/Program Files (x86)/mingw-w64/i686-8.1.0-win32-dwarf-rt_v6-rev0/mingw32/bin/../lib/gcc/i686-w64-mingw32/8.1.0/../../../../i686-w64-mingw32/lib/../lib/libkernel32.a(dgzcs00214.o)
 .idata$6       0x004071dc       0x18 C:/Program Files (x86)/mingw-w64/i686-8.1.0-win32-dwarf-rt_v6-rev0/mingw32/bin/../lib/gcc/i686-w64-mingw32/8.1.0/../../../../i686-w64-mingw32/lib/../lib/libkernel32.a(dgzcs00242.o)
 .idata$6       0x004071f4        0xe C:/Program Files (x86)/mingw-w64/i686-8.1.0-win32-dwarf-rt_v6-rev0/mingw32/bin/../lib/gcc/i686-w64-mingw32/8.1.0/../../../../i686-w64-mingw32/lib/../lib/libkernel32.a(dgzcs00359.o)
 .idata$6       0x00407202       0x14 C:/Program Files (x86)/mingw-w64/i686-8.1.0-win32-dwarf-rt_v6-rev0/mingw32/bin/../lib/gcc/i686-w64-mingw32/8.1.0/../../../../i686-w64-mingw32/lib/../lib/libkernel32.a(dgzcs00455.o)
 .idata$6       0x00407216       0x16 C:/Program Files (x86)/mingw-w64/i686-8.1.0-win32-dwarf-rt_v6-rev0/mingw32/bin/../lib/gcc/i686-w64-mingw32/8.1.0/../../../../i686-w64-mingw32/lib/../lib/libkernel32.a(dgzcs00456.o)
 .idata$6       0x0040722c       0x16 C:/Program Files (x86)/mingw-w64/i686-8.1.0-win32-dwarf-rt_v6-rev0/mingw32/bin/../lib/gcc/i686-w64-mingw32/8.1.0/../../../../i686-w64-mingw32/lib/../lib/libkernel32.a(dgzcs00460.o)
 .idata$6       0x00407242       0x10 C:/Program Files (x86)/mingw-w64/i686-8.1.0-win32-dwarf-rt_v6-rev0/mingw32/bin/../lib/gcc/i686-w64-mingw32/8.1.0/../../../../i686-w64-mingw32/lib/../lib/libkernel32.a(dgzcs00518.o)
 .idata$6       0x00407252       0x14 C:/Program Files (x86)/mingw-w64/i686-8.1.0-win32-dwarf-rt_v6-rev0/mingw32/bin/../lib/gcc/i686-w64-mingw32/8.1.0/../../../../i686-w64-mingw32/lib/../lib/libkernel32.a(dgzcs00536.o)
 .idata$6       0x00407266       0x12 C:/Program Files (x86)/mingw-w64/i686-8.1.0-win32-dwarf-rt_v6-rev0/mingw32/bin/../lib/gcc/i686-w64-mingw32/8.1.0/../../../../i686-w64-mingw32/lib/../lib/libkernel32.a(dgzcs00584.o)
 .idata$6       0x00407278       0x12 C:/Program Files (x86)/mingw-w64/i686-8.1.0-win32-dwarf-rt_v6-rev0/mingw32/bin/../lib/gcc/i686-w64-mingw32/8.1.0/../../../../i686-w64-mingw32/lib/../lib/libkernel32.a(dgzcs00615.o)
 .idata$6       0x0040728a       0x1a C:/Program Files (x86)/mingw-w64/i686-8.1.0-win32-dwarf-rt_v6-rev0/mingw32/bin/../lib/gcc/i686-w64-mingw32/8.1.0/../../../../i686-w64-mingw32/lib/../lib/libkernel32.a(dgzcs00638.o)
 .idata$6       0x004072a4       0x10 C:/Program Files (x86)/mingw-w64/i686-8.1.0-win32-dwarf-rt_v6-rev0/mingw32/bin/../lib/gcc/i686-w64-mingw32/8.1.0/../../../../i686-w64-mingw32/lib/../lib/libkernel32.a(dgzcs00666.o)